Component: ARM Compiler 5.06 (build 20) Tool: armlink [4d35a3]

==============================================================================

Section Cross References

    startup_stm32f10x_md.o(STACK) refers (Special) to heapauxi.o(.text) for __use_two_region_memory
    startup_stm32f10x_md.o(HEAP) refers (Special) to heapauxi.o(.text) for __use_two_region_memory
    startup_stm32f10x_md.o(RESET) refers (Special) to heapauxi.o(.text) for __use_two_region_memory
    startup_stm32f10x_md.o(RESET) refers to startup_stm32f10x_md.o(STACK) for __initial_sp
    startup_stm32f10x_md.o(RESET) refers to startup_stm32f10x_md.o(.text) for Reset_Handler
    startup_stm32f10x_md.o(RESET) refers to stm32f10x_it.o(.text) for NMI_Handler
    startup_stm32f10x_md.o(RESET) refers to system.o(.text) for SysTick_Handler
    startup_stm32f10x_md.o(RESET) refers to usart3.o(.text) for USART1_IRQHandler
    startup_stm32f10x_md.o(.text) refers (Special) to heapauxi.o(.text) for __use_two_region_memory
    startup_stm32f10x_md.o(.text) refers to system_stm32f10x.o(.text) for SystemInit
    startup_stm32f10x_md.o(.text) refers to __main.o(!!!main) for __main
    startup_stm32f10x_md.o(.text) refers to startup_stm32f10x_md.o(HEAP) for Heap_Mem
    startup_stm32f10x_md.o(.text) refers to startup_stm32f10x_md.o(STACK) for Stack_Mem
    main.o(.text) refers to _printf_percent.o(.ARM.Collect$$_printf_percent$$00000000) for _printf_percent
    main.o(.text) refers to _printf_d.o(.ARM.Collect$$_printf_percent$$00000009) for _printf_d
    main.o(.text) refers to _printf_dec.o(.text) for _printf_int_dec
    main.o(.text) refers to noretval__2sprintf.o(.text) for __2sprintf
    main.o(.text) refers to system.o(.text) for System_Init()
    main.o(.text) refers to usart3.o(.text) for Usart_Configuration(long)
    main.o(.text) refers to main.o(t._ZN3ros11NodeHandle_I13Stm32HardwareLi25ELi25ELi512ELi512EE8spinOnceEv) for ros::NodeHandle_<Stm32Hardware, (int)25, (int)25, (int)512, (int)512>::spinOnce()
    main.o(.text) refers to main.o(i._ZN8std_msgs6StringC1Ev) for std_msgs::String::String()
    main.o(.text) refers to main.o(t._ZN3ros11NodeHandle_I13Stm32HardwareLi25ELi25ELi512ELi512EEC1Ev) for ros::NodeHandle_<Stm32Hardware, (int)25, (int)25, (int)512, (int)512>::NodeHandle_()
    main.o(.text) refers to main.o(.data) for i
    main.o(.text) refers to main.o(.bss) for pub
    main.o(.text) refers to main.o(.constdata__ZTVN3ros11Subscriber_E) for vtable for ros::Subscriber_
    main.o(.text) refers to main.o(.constdata__ZTVN3ros10SubscriberIN8std_msgs6StringEEE) for vtable for ros::Subscriber<std_msgs::String>
    main.o(.ARM.exidx) refers to main.o(.text) for .text
    main.o(.init_array) refers to main.o(.text) for __sti___6_main_c_msg1
    main.o(.init_array) refers to init_aeabi.o(.text) for __cpp_initialize__aeabi_
    system.o(.text) refers to misc.o(.text) for NVIC_PriorityGroupConfig
    system.o(.text) refers to system_stm32f10x.o(.data) for SystemCoreClock
    system.o(.text) refers to system.o(.data) for runtime
    system.o(.ARM.exidx) refers to system.o(.text) for .text
    stm32f10x_it.o(.ARM.exidx) refers to stm32f10x_it.o(.text) for .text
    usart3.o(.text) refers to stm32f10x_rcc.o(.text) for RCC_APB2PeriphClockCmd
    usart3.o(.text) refers to stm32f10x_gpio.o(.text) for GPIO_Init
    usart3.o(.text) refers to stm32f10x_usart.o(.text) for USART_Init
    usart3.o(.text) refers to usart3.o(.data) for TX_Head
    usart3.o(.text) refers to usart3.o(.bss) for TX
    usart3.o(.ARM.exidx) refers to usart3.o(.text) for .text
    misc.o(.ARM.exidx) refers to misc.o(.text) for .text
    stm32f10x_adc.o(.text) refers to stm32f10x_rcc.o(.text) for RCC_APB2PeriphResetCmd
    stm32f10x_adc.o(.ARM.exidx) refers to stm32f10x_adc.o(.text) for .text
    stm32f10x_bkp.o(.text) refers to stm32f10x_rcc.o(.text) for RCC_BackupResetCmd
    stm32f10x_bkp.o(.ARM.exidx) refers to stm32f10x_bkp.o(.text) for .text
    stm32f10x_can.o(.text) refers to stm32f10x_rcc.o(.text) for RCC_APB1PeriphResetCmd
    stm32f10x_can.o(.ARM.exidx) refers to stm32f10x_can.o(.text) for .text
    stm32f10x_cec.o(.text) refers to stm32f10x_rcc.o(.text) for RCC_APB1PeriphResetCmd
    stm32f10x_cec.o(.ARM.exidx) refers to stm32f10x_cec.o(.text) for .text
    stm32f10x_crc.o(.ARM.exidx) refers to stm32f10x_crc.o(.text) for .text
    stm32f10x_dac.o(.text) refers to stm32f10x_rcc.o(.text) for RCC_APB1PeriphResetCmd
    stm32f10x_dac.o(.ARM.exidx) refers to stm32f10x_dac.o(.text) for .text
    stm32f10x_dbgmcu.o(.ARM.exidx) refers to stm32f10x_dbgmcu.o(.text) for .text
    stm32f10x_dma.o(.ARM.exidx) refers to stm32f10x_dma.o(.text) for .text
    stm32f10x_exti.o(.ARM.exidx) refers to stm32f10x_exti.o(.text) for .text
    stm32f10x_flash.o(.ARM.exidx) refers to stm32f10x_flash.o(.text) for .text
    stm32f10x_fsmc.o(.ARM.exidx) refers to stm32f10x_fsmc.o(.text) for .text
    stm32f10x_gpio.o(.text) refers to stm32f10x_rcc.o(.text) for RCC_APB2PeriphResetCmd
[...]
    ../clib/signal.c                         0x00000000   Number         0  defsig_cppl_inner.o ABSOLUTE
    ../clib/signal.c                         0x00000000   Number         0  defsig_stak_inner.o ABSOLUTE
    ../clib/signal.c                         0x00000000   Number         0  defsig_rtred_inner.o ABSOLUTE
    ../clib/signal.c                         0x00000000   Number         0  defsig_fpe_inner.o ABSOLUTE
    ../clib/signal.c                         0x00000000   Number         0  defsig_abrt_inner.o ABSOLUTE
    ../clib/signal.c                         0x00000000   Number         0  defsig_abrt_formal.o ABSOLUTE
    ../clib/signal.c                         0x00000000   Number         0  defsig_abrt_outer.o ABSOLUTE
    ../clib/signal.c                         0x00000000   Number         0  defsig_rtmem_inner.o ABSOLUTE
    ../clib/signal.c                         0x00000000   Number         0  defsig_general.o ABSOLUTE
    ../clib/signal.c                         0x00000000   Number         0  __raise.o ABSOLUTE
    ../clib/signal.c                         0x00000000   Number         0  defsig_pvfn_inner.o ABSOLUTE
    ../clib/signal.c                         0x00000000   Number         0  defsig_rtmem_formal.o ABSOLUTE
    ../clib/signal.c                         0x00000000   Number         0  defsig_pvfn_outer.o ABSOLUTE
    ../clib/signal.c                         0x00000000   Number         0  defsig_rtmem_outer.o ABSOLUTE
    ../clib/signal.c                         0x00000000   Number         0  defsig_exit.o ABSOLUTE
    ../clib/signal.c                         0x00000000   Number         0  defsig_pvfn_formal.o ABSOLUTE
    ../clib/signal.s                         0x00000000   Number         0  defsig.o ABSOLUTE
    ../clib/stdlib.c                         0x00000000   Number         0  abort.o ABSOLUTE
    ../clib/stdlib.c                         0x00000000   Number         0  exit.o ABSOLUTE
    ../clib/string.c                         0x00000000   Number         0  strlen.o ABSOLUTE
    ../fplib/dfix.s                          0x00000000   Number         0  dfix.o ABSOLUTE
    ../fplib/dflt.s                          0x00000000   Number         0  dflt_clz.o ABSOLUTE
    ../fplib/dmul.s                          0x00000000   Number         0  dmul.o ABSOLUTE
    ../fplib/dnaninf.s                       0x00000000   Number         0  dnaninf.o ABSOLUTE
    ../fplib/dretinf.s                       0x00000000   Number         0  dretinf.o ABSOLUTE
    ../fplib/faddsub.s                       0x00000000   Number         0  faddsub_clz.o ABSOLUTE
    ../fplib/fcmpi.s                         0x00000000   Number         0  fcmpi.o ABSOLUTE
    ../fplib/fdiv.s                          0x00000000   Number         0  fdiv.o ABSOLUTE
    ../fplib/fflt.s                          0x00000000   Number         0  fflt_clz.o ABSOLUTE
    ../fplib/fleqf.s                         0x00000000   Number         0  fleqf.o ABSOLUTE
    ../fplib/fmul.s                          0x00000000   Number         0  fmul.o ABSOLUTE
    ../fplib/fnaninf.s                       0x00000000   Number         0  fnaninf.o ABSOLUTE
    ../fplib/fpinit.s                        0x00000000   Number         0  fpinit.o ABSOLUTE
    ../fplib/fretinf.s                       0x00000000   Number         0  fretinf.o ABSOLUTE
    ../fplib/frleqf.s                        0x00000000   Number         0  frleqf.o ABSOLUTE
    ../fplib/usenofp.s                       0x00000000   Number         0  usenofp.o ABSOLUTE
    Bsp\\usart3.c                            0x00000000   Number         0  usart3.o ABSOLUTE
    Bsp\usart3.c                             0x00000000   Number         0  usart3.o ABSOLUTE
    CMSIS\\system_stm32f10x.c                0x00000000   Number         0  system_stm32f10x.o ABSOLUTE
    CMSIS\startup_stm32f10x_md.s             0x00000000   Number         0  startup_stm32f10x_md.o ABSOLUTE
    CMSIS\system_stm32f10x.c                 0x00000000   Number         0  system_stm32f10x.o ABSOLUTE
    FWLIB\\src\\misc.c                       0x00000000   Number         0  misc.o ABSOLUTE
    FWLIB\\src\\stm32f10x_adc.c              0x00000000   Number         0  stm32f10x_adc.o ABSOLUTE
    FWLIB\\src\\stm32f10x_bkp.c              0x00000000   Number         0  stm32f10x_bkp.o ABSOLUTE
    FWLIB\\src\\stm32f10x_can.c              0x00000000   Number         0  stm32f10x_can.o ABSOLUTE
    FWLIB\\src\\stm32f10x_cec.c              0x00000000   Number         0  stm32f10x_cec.o ABSOLUTE
    FWLIB\\src\\stm32f10x_crc.c              0x00000000   Number         0  stm32f10x_crc.o ABSOLUTE
    FWLIB\\src\\stm32f10x_dac.c              0x00000000   Number         0  stm32f10x_dac.o ABSOLUTE
    FWLIB\\src\\stm32f10x_dbgmcu.c           0x00000000   Number         0  stm32f10x_dbgmcu.o ABSOLUTE
    FWLIB\\src\\stm32f10x_dma.c              0x00000000   Number         0  stm32f10x_dma.o ABSOLUTE
    FWLIB\\src\\stm32f10x_exti.c             0x00000000   Number         0  stm32f10x_exti.o ABSOLUTE
    FWLIB\\src\\stm32f10x_flash.c            0x00000000   Number         0  stm32f10x_flash.o ABSOLUTE
    FWLIB\\src\\stm32f10x_fsmc.c             0x00000000   Number         0  stm32f10x_fsmc.o ABSOLUTE
    FWLIB\\src\\stm32f10x_gpio.c             0x00000000   Number         0  stm32f10x_gpio.o ABSOLUTE
    FWLIB\\src\\stm32f10x_i2c.c              0x00000000   Number         0  stm32f10x_i2c.o ABSOLUTE
    FWLIB\\src\\stm32f10x_iwdg.c             0x00000000   Number         0  stm32f10x_iwdg.o ABSOLUTE
    FWLIB\\src\\stm32f10x_pwr.c              0x00000000   Number         0  stm32f10x_pwr.o ABSOLUTE
    FWLIB\\src\\stm32f10x_rcc.c              0x00000000   Number         0  stm32f10x_rcc.o ABSOLUTE
    FWLIB\\src\\stm32f10x_rtc.c              0x00000000   Number         0  stm32f10x_rtc.o ABSOLUTE
    FWLIB\\src\\stm32f10x_sdio.c             0x00000000   Number         0  stm32f10x_sdio.o ABSOLUTE
    FWLIB\\src\\stm32f10x_spi.c              0x00000000   Number         0  stm32f10x_spi.o ABSOLUTE
    FWLIB\\src\\stm32f10x_tim.c              0x00000000   Number         0  stm32f10x_tim.o ABSOLUTE
    FWLIB\\src\\stm32f10x_usart.c            0x00000000   Number         0  stm32f10x_usart.o ABSOLUTE
    FWLIB\\src\\stm32f10x_wwdg.c             0x00000000   Number         0  stm32f10x_wwdg.o ABSOLUTE
    FWLIB\src\misc.c                         0x00000000   Number         0  misc.o ABSOLUTE
    FWLIB\src\stm32f10x_adc.c                0x00000000   Number         0  stm32f10x_adc.o ABSOLUTE
    FWLIB\src\stm32f10x_bkp.c                0x00000000   Number         0  stm32f10x_bkp.o ABSOLUTE
    FWLIB\src\stm32f10x_can.c                0x00000000   Number         0  stm32f10x_can.o ABSOLUTE
    FWLIB\src\stm32f10x_cec.c                0x00000000   Number         0  stm32f10x_cec.o ABSOLUTE
    FWLIB\src\stm32f10x_crc.c                0x00000000   Number         0  stm32f10x_crc.o ABSOLUTE
    FWLIB\src\stm32f10x_dac.c                0x00000000   Number         0  stm32f10x_dac.o ABSOLUTE
    FWLIB\src\stm32f10x_dbgmcu.c             0x00000000   Number         0  stm32f10x_dbgmcu.o ABSOLUTE
    FWLIB\src\stm32f10x_dma.c                0x00000000   Number         0  stm32f10x_dma.o ABSOLUTE
    FWLIB\src\stm32f10x_exti.c               0x00000000   Number         0  stm32f10x_exti.o ABSOLUTE
    FWLIB\src\stm32f10x_flash.c              0x00000000   Number         0  stm32f10x_flash.o ABSOLUTE
    FWLIB\src\stm32f10x_fsmc.c               0x00000000   Number         0  stm32f10x_fsmc.o ABSOLUTE
    FWLIB\src\stm32f10x_gpio.c               0x00000000   Number         0  stm32f10x_gpio.o ABSOLUTE
    FWLIB\src\stm32f10x_i2c.c                0x00000000   Number         0  stm32f10x_i2c.o ABSOLUTE
    FWLIB\src\stm32f10x_iwdg.c               0x00000000   Number         0  stm32f10x_iwdg.o ABSOLUTE
    FWLIB\src\stm32f10x_pwr.c                0x00000000   Number         0  stm32f10x_pwr.o ABSOLUTE
    FWLIB\src\stm32f10x_rcc.c                0x00000000   Number         0  stm32f10x_rcc.o ABSOLUTE
    FWLIB\src\stm32f10x_rtc.c                0x00000000   Number         0  stm32f10x_rtc.o ABSOLUTE
    FWLIB\src\stm32f10x_sdio.c               0x00000000   Number         0  stm32f10x_sdio.o ABSOLUTE
    FWLIB\src\stm32f10x_spi.c                0x00000000   Number         0  stm32f10x_spi.o ABSOLUTE
    FWLIB\src\stm32f10x_tim.c                0x00000000   Number         0  stm32f10x_tim.o ABSOLUTE
    FWLIB\src\stm32f10x_usart.c              0x00000000   Number         0  stm32f10x_usart.o ABSOLUTE
    FWLIB\src\stm32f10x_wwdg.c               0x00000000   Number         0  stm32f10x_wwdg.o ABSOLUTE
    Math\fast_math.c                         0x00000000   Number         0  fast_math.o ABSOLUTE
    Math\mv_math.c                           0x00000000   Number         0  mv_math.o ABSOLUTE
    User\\main.c                             0x00000000   Number         0  main.o ABSOLUTE
    User\\stm32f10x_it.c                     0x00000000   Number         0  stm32f10x_it.o ABSOLUTE
    User\\system.c                           0x00000000   Number         0  system.o ABSOLUTE
    User\main.c                              0x00000000   Number         0  main.o ABSOLUTE
    User\stm32f10x_it.c                      0x00000000   Number         0  stm32f10x_it.o ABSOLUTE
    User\system.c                            0x00000000   Number         0  system.o ABSOLUTE
    dc.s                                     0x00000000   Number         0  dc.o ABSOLUTE
    ros_lib\duration.cpp                     0x00000000   Number         0  duration.o ABSOLUTE
    ros_lib\time.cpp                         0x00000000   Number         0  time.o ABSOLUTE
    RESET                                    0x08000000   Section      236  startup_stm32f10x_md.o(RESET)
    !!!main                                  0x080000ec   Section        8  __main.o(!!!main)
    !!!scatter                               0x080000f4   Section       52  __scatter.o(!!!scatter)
    !!handler_copy                           0x08000128   Section       26  __scatter_copy.o(!!handler_copy)
    !!handler_zi                             0x08000144   Section       28  __scatter_zi.o(!!handler_zi)
    .ARM.Collect$$_printf_percent$$00000000  0x08000160   Section        0  _printf_percent.o(.ARM.Collect$$_printf_percent$$00000000)
    .ARM.Collect$$_printf_percent$$00000009  0x08000160   Section        6  _printf_d.o(.ARM.Collect$$_printf_percent$$00000009)
    .ARM.Collect$$_printf_percent$$00000017  0x08000166   Section        4  _printf_percent_end.o(.ARM.Collect$$_printf_percent$$00000017)
    .ARM.Collect$$libinit$$00000000          0x0800016a   Section        2  libinit.o(.ARM.Collect$$libinit$$00000000)
    .ARM.Collect$$libinit$$00000002          0x0800016c   Section        0  libinit2.o(.ARM.Collect$$libinit$$00000002)
    .ARM.Collect$$libinit$$00000004          0x0800016c   Section        0  libinit2.o(.ARM.Collect$$libinit$$00000004)
    .ARM.Collect$$libinit$$00000005          0x0800016c   Section        8  libinit2.o(.ARM.Collect$$libinit$$00000005)
    .ARM.Collect$$libinit$$0000000A          0x08000174   Section        0  libinit2.o(.ARM.Collect$$libinit$$0000000A)
    .ARM.Collect$$libinit$$0000000C          0x08000174   Section        0  libinit2.o(.ARM.Collect$$libinit$$0000000C)
    .ARM.Collect$$libinit$$0000000E          0x08000174   Section        0  libinit2.o(.ARM.Collect$$libinit$$0000000E)
    .ARM.Collect$$libinit$$00000011          0x08000174   Section        0  libinit2.o(.ARM.Collect$$libinit$$00000011)
    .ARM.Collect$$libinit$$00000013          0x08000174   Section        0  libinit2.o(.ARM.Collect$$libinit$$00000013)
    .ARM.Collect$$libinit$$00000015          0x08000174   Section        0  libinit2.o(.ARM.Collect$$libinit$$00000015)
    .ARM.Collect$$libinit$$00000017          0x08000174   Section        0  libinit2.o(.ARM.Collect$$libinit$$00000017)
    .ARM.Collect$$libinit$$00000019          0x08000174   Section        0  libinit2.o(.ARM.Collect$$libinit$$00000019)
    .ARM.Collect$$libinit$$0000001B          0x08000174   Section        0  libinit2.o(.ARM.Collect$$libinit$$0000001B)
    .ARM.Collect$$libinit$$0000001D          0x08000174   Section        0  libinit2.o(.ARM.Collect$$libinit$$0000001D)
    .ARM.Collect$$libinit$$0000001F          0x08000174   Section        0  libinit2.o(.ARM.Collect$$libinit$$0000001F)
    .ARM.Collect$$libinit$$00000021          0x08000174   Section        0  libinit2.o(.ARM.Collect$$libinit$$00000021)
    .ARM.Collect$$libinit$$00000023          0x08000174   Section        0  libinit2.o(.ARM.Collect$$libinit$$00000023)
    .ARM.Collect$$libinit$$00000025          0x08000174   Section        0  libinit2.o(.ARM.Collect$$libinit$$00000025)
    .ARM.Collect$$libinit$$0000002C          0x08000174   Section        0  libinit2.o(.ARM.Collect$$libinit$$0000002C)
    .ARM.Collect$$libinit$$0000002E          0x08000174   Section        0  libinit2.o(.ARM.Collect$$libinit$$0000002E)
    .ARM.Collect$$libinit$$00000030          0x08000174   Section        0  libinit2.o(.ARM.Collect$$libinit$$00000030)
    .ARM.Collect$$libinit$$00000031          0x08000174   Section        4  libinit2.o(.ARM.Collect$$libinit$$00000031)
    .ARM.Collect$$libinit$$00000032          0x08000178   Section        0  libinit2.o(.ARM.Collect$$libinit$$00000032)
    .ARM.Collect$$libinit$$00000033          0x08000178   Section        2  libinit2.o(.ARM.Collect$$libinit$$00000033)
    .ARM.Collect$$libshutdown$$00000000      0x0800017a   Section        2  libshutdown.o(.ARM.Collect$$libshutdown$$00000000)
    .ARM.Collect$$libshutdown$$00000002      0x0800017c   Section        0  libshutdown2.o(.ARM.Collect$$libshutdown$$00000002)
    .ARM.Collect$$libshutdown$$00000004      0x0800017c   Section        0  libshutdown2.o(.ARM.Collect$$libshutdown$$00000004)
    .ARM.Collect$$libshutdown$$00000007      0x0800017c   Section        0  libshutdown2.o(.ARM.Collect$$libshutdown$$00000007)
    .ARM.Collect$$libshutdown$$0000000A      0x0800017c   Section        0  libshutdown2.o(.ARM.Collect$$libshutdown$$0000000A)
    .ARM.Collect$$libshutdown$$0000000C      0x0800017c   Section        0  libshutdown2.o(.ARM.Collect$$libshutdown$$0000000C)
    .ARM.Collect$$libshutdown$$0000000F      0x0800017c   Section        0  libshutdown2.o(.ARM.Collect$$libshutdown$$0000000F)
    .ARM.Collect$$libshutdown$$00000010      0x0800017c   Section        2  libshutdown2.o(.ARM.Collect$$libshutdown$$00000010)
    .ARM.Collect$$rtentry$$00000000          0x0800017e   Section        0  __rtentry.o(.ARM.Collect$$rtentry$$00000000)
    .ARM.Collect$$rtentry$$00000002          0x0800017e   Section        0  __rtentry2.o(.ARM.Collect$$rtentry$$00000002)
    .ARM.Collect$$rtentry$$00000004          0x0800017e   Section        6  __rtentry4.o(.ARM.Collect$$rtentry$$00000004)
    .ARM.Collect$$rtentry$$00000009          0x08000184   Section        0  __rtentry2.o(.ARM.Collect$$rtentry$$00000009)
    .ARM.Collect$$rtentry$$0000000A          0x08000184   Section        4  __rtentry2.o(.ARM.Collect$$rtentry$$0000000A)
    .ARM.Collect$$rtentry$$0000000C          0x08000188   Section        0  __rtentry2.o(.ARM.Collect$$rtentry$$0000000C)
    .ARM.Collect$$rtentry$$0000000D          0x08000188   Section        8  __rtentry2.o(.ARM.Collect$$rtentry$$0000000D)
    .ARM.Collect$$rtexit$$00000000           0x08000190   Section        2  rtexit.o(.ARM.Collect$$rtexit$$00000000)
    .ARM.Collect$$rtexit$$00000002           0x08000192   Section        0  rtexit2.o(.ARM.Collect$$rtexit$$00000002)
    .ARM.Collect$$rtexit$$00000003           0x08000192   Section        4  rtexit2.o(.ARM.Collect$$rtexit$$00000003)
    .ARM.Collect$$rtexit$$00000004           0x08000196   Section        6  rtexit2.o(.ARM.Collect$$rtexit$$00000004)
    .emb_text                                0x0800019c   Section        0  maybetermalloc1.o(.emb_text)
    .text                                    0x0800019c   Section       64  startup_stm32f10x_md.o(.text)
    .text                                    0x080001dc   Section        0  main.o(.text)
    __sti___6_main_c_msg1                    0x080002bd   Thumb Code    72  main.o(.text)
    .text                                    0x08000350   Section        0  system.o(.text)
    NVIC_SetPriority(IRQn, unsigned)         0x08000351   Thumb Code    32  system.o(.text)
    .text                                    0x08000428   Section        0  stm32f10x_it.o(.text)
    .text                                    0x08000440   Section        0  usart3.o(.text)
    Usart1_GpioConfig()                      0x08000441   Thumb Code    64  usart3.o(.text)
    Usart1_ModeConfig(long)                  0x08000481   Thumb Code    72  usart3.o(.text)
    .text                                    0x08000688   Section        0  misc.o(.text)
    .text                                    0x08000764   Section        0  stm32f10x_gpio.o(.text)
    .text                                    0x08000ac0   Section        0  stm32f10x_rcc.o(.text)
    .text                                    0x08000e64   Section        0  stm32f10x_usart.o(.text)
    .text                                    0x0800126c   Section        0  system_stm32f10x.o(.text)
    SetSysClockTo72()                        0x0800126d   Thumb Code   214  system_stm32f10x.o(.text)
    SetSysClock()                            0x08001343   Thumb Code     8  system_stm32f10x.o(.text)
    .text                                    0x0800144c   Section        0  time.o(.text)
    .text                                    0x080014dc   Section        0  h1_realloc.o(.text)
    .text                                    0x08001594   Section        0  noretval__2sprintf.o(.text)
    .text                                    0x080015bc   Section        0  __printf.o(.text)
    .text                                    0x08001624   Section        0  _printf_dec.o(.text)
    .text                                    0x0800169c   Section        0  strlen.o(.text)
    .text                                    0x080016da   Section      138  rt_memcpy_v6.o(.text)
    .text                                    0x08001764   Section      100  rt_memcpy_w.o(.text)
    .text                                    0x080017c8   Section        0  heapauxi.o(.text)
    .text                                    0x080017d0   Section        0  init_aeabi.o(.text)
    .text                                    0x080017f4   Section        8  rt_heap_descriptor_intlibspace.o(.text)
    .text                                    0x080017fc   Section        0  hguard.o(.text)
    .text                                    0x08001800   Section        0  init_alloc.o(.text)
    .text                                    0x0800188a   Section        0  h1_alloc.o(.text)
    .text                                    0x080018e8   Section        0  h1_free.o(.text)
    .text                                    0x08001936   Section        0  _printf_intcommon.o(.text)
    .text                                    0x080019e8   Section        0  _printf_char_common.o(.text)
    _printf_input_char                       0x080019e9   Thumb Code    10  _printf_char_common.o(.text)
    .text                                    0x08001a18   Section        0  _sputc.o(.text)
    .text                                    0x08001a22   Section        0  defsig_pvfn_outer.o(.text)
    .text                                    0x08001a30   Section        8  libspace.o(.text)
    .text                                    0x08001a38   Section        0  h1_init.o(.text)
    .text                                    0x08001a46   Section        0  h1_extend.o(.text)
    .text                                    0x08001a7a   Section        0  defsig_exit.o(.text)
    .text                                    0x08001a84   Section        0  defsig_rtmem_outer.o(.text)
    .text                                    0x08001a94   Section        0  defsig_pvfn_inner.o(.text)
    .text                                    0x08001ac4   Section        0  sys_exit.o(.text)
    .text                                    0x08001ad0   Section       74  sys_stackheap_outer.o(.text)
    .text                                    0x08001b1a   Section        0  exit.o(.text)
    .text                                    0x08001b2c   Section        0  defsig_general.o(.text)
    .text                                    0x08001b60   Section        0  defsig_rtmem_inner.o(.text)
    .text                                    0x08001bb0   Section        0  sys_wrch.o(.text)
    .text                                    0x08001bbe   Section        2  use_no_semi.o(.text)
    .text                                    0x08001bc0   Section        0  indicate_semi.o(.text)
    i._ZN13Stm32Hardware4timeEv              0x08001bc0   Section        0  main.o(i._ZN13Stm32Hardware4timeEv)
    i._ZN14rosserial_msgs20RequestParamResponse11deserializeEPh 0x08001bca   Section        0  main.o(i._ZN14rosserial_msgs20RequestParamResponse11deserializeEPh)
    i._ZN14rosserial_msgs20RequestParamResponse6getMD5Ev 0x08001d10   Section        0  main.o(i._ZN14rosserial_msgs20RequestParamResponse6getMD5Ev)
    i._ZN14rosserial_msgs20RequestParamResponse7getTypeEv 0x08001d1c   Section        0  main.o(i._ZN14rosserial_msgs20RequestParamResponse7getTypeEv)
    i._ZN14rosserial_msgs3Log6getMD5Ev       0x08001d28   Section        0  main.o(i._ZN14rosserial_msgs3Log6getMD5Ev)
    i._ZN14rosserial_msgs3Log7getTypeEv      0x08001d34   Section        0  main.o(i._ZN14rosserial_msgs3Log7getTypeEv)
    i._ZN14rosserial_msgs9TopicInfo6getMD5Ev 0x08001d40   Section        0  main.o(i._ZN14rosserial_msgs9TopicInfo6getMD5Ev)
    i._ZN14rosserial_msgs9TopicInfo7getTypeEv 0x08001d4c   Section        0  main.o(i._ZN14rosserial_msgs9TopicInfo7getTypeEv)
    i._ZN3ros3MsgC2Ev                        0x08001d58   Section        0  main.o(i._ZN3ros3MsgC2Ev)
    i._ZN8std_msgs4Time11deserializeEPh      0x08001d64   Section        0  main.o(i._ZN8std_msgs4Time11deserializeEPh)
    i._ZN8std_msgs4Time6getMD5Ev             0x08001dc0   Section        0  main.o(i._ZN8std_msgs4Time6getMD5Ev)
    i._ZN8std_msgs4Time7getTypeEv            0x08001dcc   Section        0  main.o(i._ZN8std_msgs4Time7getTypeEv)
    i._ZN8std_msgs4TimeC1Ev                  0x08001dd8   Section        0  main.o(i._ZN8std_msgs4TimeC1Ev)
    i._ZN8std_msgs6String11deserializeEPh    0x08001dfc   Section        0  main.o(i._ZN8std_msgs6String11deserializeEPh)
    i._ZN8std_msgs6String6getMD5Ev           0x08001e2c   Section        0  main.o(i._ZN8std_msgs6String6getMD5Ev)
    i._ZN8std_msgs6String7getTypeEv          0x08001e38   Section        0  main.o(i._ZN8std_msgs6String7getTypeEv)
    i._ZN8std_msgs6StringC1Ev                0x08001e44   Section        0  main.o(i._ZN8std_msgs6StringC1Ev)
    i._ZNK14rosserial_msgs20RequestParamResponse9serializeEPh 0x08001e5c   Section        0  main.o(i._ZNK14rosserial_msgs20RequestParamResponse9serializeEPh)
    i._ZNK14rosserial_msgs3Log9serializeEPh  0x08001f5a   Section        0  main.o(i._ZNK14rosserial_msgs3Log9serializeEPh)
    i._ZNK14rosserial_msgs9TopicInfo9serializeEPh 0x08001f8a   Section        0  main.o(i._ZNK14rosserial_msgs9TopicInfo9serializeEPh)
    i._ZNK8std_msgs4Time9serializeEPh        0x0800201c   Section        0  main.o(i._ZNK8std_msgs4Time9serializeEPh)
    i._ZNK8std_msgs6String9serializeEPh      0x08002060   Section        0  main.o(i._ZNK8std_msgs6String9serializeEPh)
    i.__cxa_pure_virtual                     0x0800208a   Section        0  pure_virt.o(i.__cxa_pure_virtual)
    t._ZN3ros10SubscriberIN8std_msgs6StringEE10getMsgTypeEv 0x08002090   Section        0  main.o(t._ZN3ros10SubscriberIN8std_msgs6StringEE10getMsgTypeEv)
    t._ZN3ros10SubscriberIN8std_msgs6StringEE15getEndpointTypeEv 0x0800209c   Section        0  main.o(t._ZN3ros10SubscriberIN8std_msgs6StringEE15getEndpointTypeEv)
    t._ZN3ros10SubscriberIN8std_msgs6StringEE8callbackEPh 0x080020a2   Section        0  main.o(t._ZN3ros10SubscriberIN8std_msgs6StringEE8callbackEPh)
    t._ZN3ros10SubscriberIN8std_msgs6StringEE9getMsgMD5Ev 0x080020bc   Section        0  main.o(t._ZN3ros10SubscriberIN8std_msgs6StringEE9getMsgMD5Ev)
    t._ZN3ros11NodeHandle_I13Stm32HardwareLi25ELi25ELi512ELi512EE15negotiateTopicsEv 0x080020c8   Section        0  main.o(t._ZN3ros11NodeHandle_I13Stm32HardwareLi25ELi25ELi512ELi512EE15negotiateTopicsEv)
    t._ZN3ros11NodeHandle_I13Stm32HardwareLi25ELi25ELi512ELi512EE15requestSyncTimeEv 0x080021ec   Section        0  main.o(t._ZN3ros11NodeHandle_I13Stm32HardwareLi25ELi25ELi512ELi512EE15requestSyncTimeEv)
    t._ZN3ros11NodeHandle_I13Stm32HardwareLi25ELi25ELi512ELi512EE7publishEiPKNS_3MsgE 0x0800220c   Section        0  main.o(t._ZN3ros11NodeHandle_I13Stm32HardwareLi25ELi25ELi512ELi512EE7publishEiPKNS_3MsgE)
    t._ZN3ros11NodeHandle_I13Stm32HardwareLi25ELi25ELi512ELi512EE8spinOnceEv 0x08002324   Section        0  main.o(t._ZN3ros11NodeHandle_I13Stm32HardwareLi25ELi25ELi512ELi512EE8spinOnceEv)
    t._ZN3ros11NodeHandle_I13Stm32HardwareLi25ELi25ELi512ELi512EE8syncTimeEPh 0x080025a4   Section        0  main.o(t._ZN3ros11NodeHandle_I13Stm32HardwareLi25ELi25ELi512ELi512EE8syncTimeEPh)
    t._ZN3ros11NodeHandle_I13Stm32HardwareLi25ELi25ELi512ELi512EEC1Ev 0x08002644   Section        0  main.o(t._ZN3ros11NodeHandle_I13Stm32HardwareLi25ELi25ELi512ELi512EEC1Ev)
    .constdata                               0x080026f4   Section       28  main.o(.constdata)
    rosserial_msgs::REQUESTPARAM             0x080026f4   Data          28  main.o(.constdata)
    .constdata__ZTVN14rosserial_msgs20RequestParamResponseE 0x08002710   Section       24  main.o(.constdata__ZTVN14rosserial_msgs20RequestParamResponseE)
    .constdata__ZTVN14rosserial_msgs3LogE    0x08002728   Section       24  main.o(.constdata__ZTVN14rosserial_msgs3LogE)
    .constdata__ZTVN14rosserial_msgs9TopicInfoE 0x08002740   Section       24  main.o(.constdata__ZTVN14rosserial_msgs9TopicInfoE)
    .constdata__ZTVN3ros10SubscriberIN8std_msgs6StringEEE 0x08002758   Section       24  main.o(.constdata__ZTVN3ros10SubscriberIN8std_msgs6StringEEE)
    .constdata__ZTVN3ros11NodeHandle_I13Stm32HardwareLi25ELi25ELi512ELi512EEE 0x08002770   Section       20  main.o(.constdata__ZTVN3ros11NodeHandle_I13Stm32HardwareLi25ELi25ELi512ELi512EEE)
    .constdata__ZTVN3ros11Subscriber_E       0x08002784   Section       24  main.o(.constdata__ZTVN3ros11Subscriber_E)
    .constdata__ZTVN3ros15NodeHandleBase_E   0x0800279c   Section       20  main.o(.constdata__ZTVN3ros15NodeHandleBase_E)
    .constdata__ZTVN3ros3MsgE                0x080027b0   Section       24  main.o(.constdata__ZTVN3ros3MsgE)
    .constdata__ZTVN8std_msgs4TimeE          0x080027c8   Section       24  main.o(.constdata__ZTVN8std_msgs4TimeE)
    .constdata__ZTVN8std_msgs6StringE        0x080027e0   Section       24  main.o(.constdata__ZTVN8std_msgs6StringE)
    .constdata__ZZN14rosserial_msgs20RequestParamResponse6getMD5EvEs 0x080027f8   Section       33  main.o(.constdata__ZZN14rosserial_msgs20RequestParamResponse6getMD5EvEs)
    .constdata__ZZN14rosserial_msgs3Log6getMD5EvEs 0x08002819   Section       33  main.o(.constdata__ZZN14rosserial_msgs3Log6getMD5EvEs)
    .constdata__ZZN14rosserial_msgs3Log7getTypeEvEs 0x0800283a   Section       19  main.o(.constdata__ZZN14rosserial_msgs3Log7getTypeEvEs)
    .constdata__ZZN14rosserial_msgs9TopicInfo6getMD5EvEs 0x0800284d   Section       33  main.o(.constdata__ZZN14rosserial_msgs9TopicInfo6getMD5EvEs)
    .constdata__ZZN14rosserial_msgs9TopicInfo7getTypeEvEs 0x0800286e   Section       25  main.o(.constdata__ZZN14rosserial_msgs9TopicInfo7getTypeEvEs)
    .constdata__ZZN3ros11NodeHandle_I13Stm32HardwareLi25ELi25ELi512ELi512EE7publishEiPKNS_3MsgEEs 0x08002887   Section       57  main.o(.constdata__ZZN3ros11NodeHandle_I13Stm32HardwareLi25ELi25ELi512ELi512EE7publishEiPKNS_3MsgEEs)
    .constdata__ZZN8std_msgs4Time6getMD5EvEs 0x080028c0   Section       33  main.o(.constdata__ZZN8std_msgs4Time6getMD5EvEs)
    .constdata__ZZN8std_msgs4Time7getTypeEvEs 0x080028e1   Section       14  main.o(.constdata__ZZN8std_msgs4Time7getTypeEvEs)
    .constdata__ZZN8std_msgs6String6getMD5EvEs 0x080028ef   Section       33  main.o(.constdata__ZZN8std_msgs6String6getMD5EvEs)
    .constdata__ZZN8std_msgs6String7getTypeEvEs 0x08002910   Section       16  main.o(.constdata__ZZN8std_msgs6String7getTypeEvEs)
    .init_array                              0x08002940   Section        4  main.o(.init_array)
    .init_array                              0x08002944   Section        0  init_aeabi.o(.init_array)
    .data                                    0x20000000   Section       12  main.o(.data)
    .data                                    0x2000000c   Section        4  system.o(.data)
    .data                                    0x20000010   Section        8  usart3.o(.data)
    .data                                    0x20000018   Section       20  stm32f10x_rcc.o(.data)
    APBAHBPrescTable                         0x20000018   Data          16  stm32f10x_rcc.o(.data)
    ADCPrescTable                            0x20000028   Data           4  stm32f10x_rcc.o(.data)
    .data                                    0x2000002c   Section       20  system_stm32f10x.o(.data)
    .bss                                     0x20000040   Section     1372  main.o(.bss)
    .bss                                     0x2000059c   Section     1024  usart3.o(.bss)
    .bss                                     0x2000099c   Section       96  libspace.o(.bss)
    HEAP                                     0x20000a00   Section      512  startup_stm32f10x_md.o(HEAP)
    Heap_Mem                                 0x20000a00   Data         512  startup_stm32f10x_md.o(HEAP)
    STACK                                    0x20000c00   Section     1024  startup_stm32f10x_md.o(STACK)
    Stack_Mem                                0x20000c00   Data        1024  startup_stm32f10x_md.o(STACK)
    __initial_sp                             0x20001000   Data           0  startup_stm32f10x_md.o(STACK)

    Global Symbols

    Symbol Name                              Value     Ov Type        Size  Object(Section)

    BuildAttributes$$THM_ISAv4$P$D$K$B$S$PE$A:L22UL41UL21$X:L11$S22US41US21$IEEE1$IW$USESV6$~STKCKD$USESV7$~SHL$OTIME$ROPI$EBA8$UX$STANDARDLIB$REQ8$PRES8$EABIv2 0x00000000   Number         0  anon$$obj.o ABSOLUTE
    __ARM_use_no_argv                        0x00000000   Number         0  main.o ABSOLUTE
    __ARM::default_unexpected_handler()       - Undefined Weak Reference
    __ARM_exceptions_buffer_required          - Undefined Weak Reference
    __ARM_exceptions_init                     - Undefined Weak Reference
    __alloca_initialize                       - Undefined Weak Reference
    __arm_preinit_                            - Undefined Weak Reference
    __cxa_finalize                            - Undefined Weak Reference
    __rt_locale                               - Undefined Weak Reference
    __sigvec_lookup                           - Undefined Weak Reference
    __user_heap_extent                        - Undefined Weak Reference
    _atexit_init                              - Undefined Weak Reference
    _call_atexit_fns                          - Undefined Weak Reference
    _clock_init                               - Undefined Weak Reference
    _fp_trap_init                             - Undefined Weak Reference
    _fp_trap_shutdown                         - Undefined Weak Reference
    _get_lc_collate                           - Undefined Weak Reference
    _get_lc_ctype                             - Undefined Weak Reference
    _get_lc_monetary                          - Undefined Weak Reference
    _get_lc_numeric                           - Undefined Weak Reference
    _get_lc_time                              - Undefined Weak Reference
    _getenv_init                              - Undefined Weak Reference
    _handle_redirection                       - Undefined Weak Reference
    _initio                                   - Undefined Weak Reference
    _mutex_acquire                            - Undefined Weak Reference
    _mutex_free                               - Undefined Weak Reference
    _mutex_release                            - Undefined Weak Reference
    _printf_post_padding                      - Undefined Weak Reference
    _printf_pre_padding                       - Undefined Weak Reference
    _printf_truncate_signed                   - Undefined Weak Reference
    _printf_truncate_unsigned                 - Undefined Weak Reference
    _rand_init                                - Undefined Weak Reference
    _signal_finish                            - Undefined Weak Reference
    _signal_init                              - Undefined Weak Reference
    _terminateio                              - Undefined Weak Reference
    __Vectors_Size                           0x000000ec   Number         0  startup_stm32f10x_md.o ABSOLUTE
    __Vectors                                0x08000000   Data           4  startup_stm32f10x_md.o(RESET)
    __Vectors_End                            0x080000ec   Data           0  startup_stm32f10x_md.o(RESET)
    __main                                   0x080000ed   Thumb Code     8  __main.o(!!!main)
    __scatterload                            0x080000f5   Thumb Code     0  __scatter.o(!!!scatter)
    __scatterload_rt2                        0x080000f5   Thumb Code    44  __scatter.o(!!!scatter)
    __scatterload_rt2_thumb_only             0x080000f5   Thumb Code     0  __scatter.o(!!!scatter)
    __scatterload_null                       0x08000103   Thumb Code     0  __scatter.o(!!!scatter)
    __scatterload_copy                       0x08000129   Thumb Code    26  __scatter_copy.o(!!handler_copy)
    __scatterload_zeroinit                   0x08000145   Thumb Code    28  __scatter_zi.o(!!handler_zi)
    _printf_d                                0x08000161   Thumb Code     0  _printf_d.o(.ARM.Collect$$_printf_percent$$00000009)
    _printf_percent                          0x08000161   Thumb Code     0  _printf_percent.o(.ARM.Collect$$_printf_percent$$00000000)
    _printf_percent_end                      0x08000167   Thumb Code     0  _printf_percent_end.o(.ARM.Collect$$_printf_percent$$00000017)
    __rt_lib_init                            0x0800016b   Thumb Code     0  libinit.o(.ARM.Collect$$libinit$$00000000)
    __rt_lib_init_fp_1                       0x0800016d   Thumb Code     0  libinit2.o(.ARM.Collect$$libinit$$00000002)
    __rt_lib_init_heap_2                     0x0800016d   Thumb Code     0  libinit2.o(.ARM.Collect$$libinit$$00000005)
    __rt_lib_init_preinit_1                  0x0800016d   Thumb Code     0  libinit2.o(.ARM.Collect$$libinit$$00000004)
    __rt_lib_init_alloca_1                   0x08000175   Thumb Code     0  libinit2.o(.ARM.Collect$$libinit$$0000002E)
    __rt_lib_init_argv_1                     0x08000175   Thumb Code     0  libinit2.o(.ARM.Collect$$libinit$$0000002C)
    __rt_lib_init_atexit_1                   0x08000175   Thumb Code     0  libinit2.o(.ARM.Collect$$libinit$$0000001B)
    __rt_lib_init_clock_1                    0x08000175   Thumb Code     0  libinit2.o(.ARM.Collect$$libinit$$00000021)
    __rt_lib_init_cpp_2                      0x08000175   Thumb Code     0  libinit2.o(.ARM.Collect$$libinit$$00000031)
    __rt_lib_init_exceptions_1               0x08000175   Thumb Code     0  libinit2.o(.ARM.Collect$$libinit$$00000030)
    __rt_lib_init_fp_trap_1                  0x08000175   Thumb Code     0  libinit2.o(.ARM.Collect$$libinit$$0000001F)
    __rt_lib_init_getenv_1                   0x08000175   Thumb Code     0  libinit2.o(.ARM.Collect$$libinit$$00000023)
    __rt_lib_init_heap_1                     0x08000175   Thumb Code     0  libinit2.o(.ARM.Collect$$libinit$$0000000A)
    __rt_lib_init_lc_collate_1               0x08000175   Thumb Code     0  libinit2.o(.ARM.Collect$$libinit$$00000011)
    __rt_lib_init_lc_ctype_1                 0x08000175   Thumb Code     0  libinit2.o(.ARM.Collect$$libinit$$00000013)
    __rt_lib_init_lc_monetary_1              0x08000175   Thumb Code     0  libinit2.o(.ARM.Collect$$libinit$$00000015)
    __rt_lib_init_lc_numeric_1               0x08000175   Thumb Code     0  libinit2.o(.ARM.Collect$$libinit$$00000017)
    __rt_lib_init_lc_time_1                  0x08000175   Thumb Code     0  libinit2.o(.ARM.Collect$$libinit$$00000019)
    __rt_lib_init_rand_1                     0x08000175   Thumb Code     0  libinit2.o(.ARM.Collect$$libinit$$0000000E)
    __rt_lib_init_signal_1                   0x08000175   Thumb Code     0  libinit2.o(.ARM.Collect$$libinit$$0000001D)
    __rt_lib_init_stdio_1                    0x08000175   Thumb Code     0  libinit2.o(.ARM.Collect$$libinit$$00000025)
    __rt_lib_init_user_alloc_1               0x08000175   Thumb Code     0  libinit2.o(.ARM.Collect$$libinit$$0000000C)
    __rt_lib_init_cpp_1                      0x08000179   Thumb Code     0  libinit2.o(.ARM.Collect$$libinit$$00000032)
    __rt_lib_init_return                     0x08000179   Thumb Code     0  libinit2.o(.ARM.Collect$$libinit$$00000033)
    __rt_lib_shutdown                        0x0800017b   Thumb Code     0  libshutdown.o(.ARM.Collect$$libshutdown$$00000000)
    __rt_lib_shutdown_cpp_1                  0x0800017d   Thumb Code     0  libshutdown2.o(.ARM.Collect$$libshutdown$$00000002)
    __rt_lib_shutdown_fp_trap_1              0x0800017d   Thumb Code     0  libshutdown2.o(.ARM.Collect$$libshutdown$$00000007)
    __rt_lib_shutdown_heap_1                 0x0800017d   Thumb Code     0  libshutdown2.o(.ARM.Collect$$libshutdown$$0000000F)
    __rt_lib_shutdown_return                 0x0800017d   Thumb Code     0  libshutdown2.o(.ARM.Collect$$libshutdown$$00000010)
    __rt_lib_shutdown_signal_1               0x0800017d   Thumb Code     0  libshutdown2.o(.ARM.Collect$$libshutdown$$0000000A)
    __rt_lib_shutdown_stdio_1                0x0800017d   Thumb Code     0  libshutdown2.o(.ARM.Collect$$libshutdown$$00000004)
    __rt_lib_shutdown_user_alloc_1           0x0800017d   Thumb Code     0  libshutdown2.o(.ARM.Collect$$libshutdown$$0000000C)
    __rt_entry                               0x0800017f   Thumb Code     0  __rtentry.o(.ARM.Collect$$rtentry$$00000000)
    __rt_entry_presh_1                       0x0800017f   Thumb Code     0  __rtentry2.o(.ARM.Collect$$rtentry$$00000002)
    __rt_entry_sh                            0x0800017f   Thumb Code     0  __rtentry4.o(.ARM.Collect$$rtentry$$00000004)
    __rt_entry_li                            0x08000185   Thumb Code     0  __rtentry2.o(.ARM.Collect$$rtentry$$0000000A)
    __rt_entry_postsh_1                      0x08000185   Thumb Code     0  __rtentry2.o(.ARM.Collect$$rtentry$$00000009)
    __rt_entry_main                          0x08000189   Thumb Code     0  __rtentry2.o(.ARM.Collect$$rtentry$$0000000D)
    __rt_entry_postli_1                      0x08000189   Thumb Code     0  __rtentry2.o(.ARM.Collect$$rtentry$$0000000C)
    __rt_exit                                0x08000191   Thumb Code     0  rtexit.o(.ARM.Collect$$rtexit$$00000000)
    __rt_exit_ls                             0x08000193   Thumb Code     0  rtexit2.o(.ARM.Collect$$rtexit$$00000003)
    __rt_exit_prels_1                        0x08000193   Thumb Code     0  rtexit2.o(.ARM.Collect$$rtexit$$00000002)
    __rt_exit_exit                           0x08000197   Thumb Code     0  rtexit2.o(.ARM.Collect$$rtexit$$00000004)
    Reset_Handler                            0x0800019d   Thumb Code     8  startup_stm32f10x_md.o(.text)
    _maybe_terminate_alloc                   0x0800019d   Thumb Code     0  maybetermalloc1.o(.emb_text)
    ADC1_2_IRQHandler                        0x080001b7   Thumb Code     0  startup_stm32f10x_md.o(.text)
    CAN1_RX1_IRQHandler                      0x080001b7   Thumb Code     0  startup_stm32f10x_md.o(.text)
    CAN1_SCE_IRQHandler                      0x080001b7   Thumb Code     0  startup_stm32f10x_md.o(.text)
    DMA1_Channel1_IRQHandler                 0x080001b7   Thumb Code     0  startup_stm32f10x_md.o(.text)
    DMA1_Channel2_IRQHandler                 0x080001b7   Thumb Code     0  startup_stm32f10x_md.o(.text)
    DMA1_Channel3_IRQHandler                 0x080001b7   Thumb Code     0  startup_stm32f10x_md.o(.text)
    DMA1_Channel4_IRQHandler                 0x080001b7   Thumb Code     0  startup_stm32f10x_md.o(.text)
    DMA1_Channel5_IRQHandler                 0x080001b7   Thumb Code     0  startup_stm32f10x_md.o(.text)
    DMA1_Channel6_IRQHandler                 0x080001b7   Thumb Code     0  startup_stm32f10x_md.o(.text)
    DMA1_Channel7_IRQHandler                 0x080001b7   Thumb Code     0  startup_stm32f10x_md.o(.text)
    EXTI0_IRQHandler                         0x080001b7   Thumb Code     0  startup_stm32f10x_md.o(.text)
    EXTI15_10_IRQHandler                     0x080001b7   Thumb Code     0  startup_stm32f10x_md.o(.text)
    EXTI1_IRQHandler                         0x080001b7   Thumb Code     0  startup_stm32f10x_md.o(.text)
    EXTI2_IRQHandler                         0x080001b7   Thumb Code     0  startup_stm32f10x_md.o(.text)
    EXTI3_IRQHandler                         0x080001b7   Thumb Code     0  startup_stm32f10x_md.o(.text)
    EXTI4_IRQHandler                         0x080001b7   Thumb Code     0  startup_stm32f10x_md.o(.text)
    EXTI9_5_IRQHandler                       0x080001b7   Thumb Code     0  startup_stm32f10x_md.o(.text)
    FLASH_IRQHandler                         0x080001b7   Thumb Code     0  startup_stm32f10x_md.o(.text)
    I2C1_ER_IRQHandler                       0x080001b7   Thumb Code     0  startup_stm32f10x_md.o(.text)
    I2C1_EV_IRQHandler                       0x080001b7   Thumb Code     0  startup_stm32f10x_md.o(.text)
    I2C2_ER_IRQHandler                       0x080001b7   Thumb Code     0  startup_stm32f10x_md.o(.text)
    I2C2_EV_IRQHandler                       0x080001b7   Thumb Code     0  startup_stm32f10x_md.o(.text)
    PVD_IRQHandler                           0x080001b7   Thumb Code     0  startup_stm32f10x_md.o(.text)
    RCC_IRQHandler                           0x080001b7   Thumb Code     0  startup_stm32f10x_md.o(.text)
    RTCAlarm_IRQHandler                      0x080001b7   Thumb Code     0  startup_stm32f10x_md.o(.text)
    RTC_IRQHandler                           0x080001b7   Thumb Code     0  startup_stm32f10x_md.o(.text)
    SPI1_IRQHandler                          0x080001b7   Thumb Code     0  startup_stm32f10x_md.o(.text)
    SPI2_IRQHandler                          0x080001b7   Thumb Code     0  startup_stm32f10x_md.o(.text)
    TAMPER_IRQHandler                        0x080001b7   Thumb Code     0  startup_stm32f10x_md.o(.text)
    TIM1_BRK_IRQHandler                      0x080001b7   Thumb Code     0  startup_stm32f10x_md.o(.text)
    TIM1_CC_IRQHandler                       0x080001b7   Thumb Code     0  startup_stm32f10x_md.o(.text)
    TIM1_TRG_COM_IRQHandler                  0x080001b7   Thumb Code     0  startup_stm32f10x_md.o(.text)
    TIM1_UP_IRQHandler                       0x080001b7   Thumb Code     0  startup_stm32f10x_md.o(.text)
    TIM2_IRQHandler                          0x080001b7   Thumb Code     0  startup_stm32f10x_md.o(.text)
    TIM3_IRQHandler                          0x080001b7   Thumb Code     0  startup_stm32f10x_md.o(.text)
    TIM4_IRQHandler                          0x080001b7   Thumb Code     0  startup_stm32f10x_md.o(.text)
    USART2_IRQHandler                        0x080001b7   Thumb Code     0  startup_stm32f10x_md.o(.text)
    USART3_IRQHandler                        0x080001b7   Thumb Code     0  startup_stm32f10x_md.o(.text)
    USBWakeUp_IRQHandler                     0x080001b7   Thumb Code     0  startup_stm32f10x_md.o(.text)
    USB_HP_CAN1_TX_IRQHandler                0x080001b7   Thumb Code     0  startup_stm32f10x_md.o(.text)
    USB_LP_CAN1_RX0_IRQHandler               0x080001b7   Thumb Code     0  startup_stm32f10x_md.o(.text)
    WWDG_IRQHandler                          0x080001b7   Thumb Code     0  startup_stm32f10x_md.o(.text)
    __user_initial_stackheap                 0x080001b9   Thumb Code     0  startup_stm32f10x_md.o(.text)
    msgCallBack(const std_msgs::String&)     0x080001dd   Thumb Code    60  main.o(.text)
    main                                     0x08000219   Thumb Code   164  main.o(.text)
    Systick_Init()                           0x08000371   Thumb Code    68  system.o(.text)
    delay_ms(unsigned short)                 0x080003b5   Thumb Code    18  system.o(.text)
    NVIC_Configuration()                     0x080003c7   Thumb Code    50  system.o(.text)
    System_Init()                            0x080003f9   Thumb Code    12  system.o(.text)
    SysTick_Handler                          0x08000405   Thumb Code    12  system.o(.text)
    System_GetTime()                         0x08000411   Thumb Code     6  system.o(.text)
    NMI_Handler                              0x08000429   Thumb Code     2  stm32f10x_it.o(.text)
    HardFault_Handler                        0x0800042b   Thumb Code     4  stm32f10x_it.o(.text)
    MemManage_Handler                        0x0800042f   Thumb Code     4  stm32f10x_it.o(.text)
    BusFault_Handler                         0x08000433   Thumb Code     4  stm32f10x_it.o(.text)
    UsageFault_Handler                       0x08000437   Thumb Code     4  stm32f10x_it.o(.text)
    SVC_Handler                              0x0800043b   Thumb Code     2  stm32f10x_it.o(.text)
    DebugMon_Handler                         0x0800043d   Thumb Code     2  stm32f10x_it.o(.text)
    PendSV_Handler                           0x0800043f   Thumb Code     2  stm32f10x_it.o(.text)
    Usart_Configuration(long)                0x080004c9   Thumb Code    16  usart3.o(.text)
    Usart_FreeSpace()                        0x080004d9   Thumb Code    38  usart3.o(.text)
    Usart_Putch(unsigned char)               0x080004ff   Thumb Code    98  usart3.o(.text)
    Usart_DataAvailable()                    0x08000561   Thumb Code    20  usart3.o(.text)
    Usart_Getch()                            0x08000575   Thumb Code    84  usart3.o(.text)
    USART1_IRQHandler                        0x080005c9   Thumb Code   160  usart3.o(.text)
    NVIC_PriorityGroupConfig                 0x08000689   Thumb Code    10  misc.o(.text)
    NVIC_Init                                0x08000693   Thumb Code   100  misc.o(.text)
    NVIC_SetVectorTable                      0x080006f7   Thumb Code    14  misc.o(.text)
    NVIC_SystemLPConfig                      0x08000705   Thumb Code    34  misc.o(.text)
    SysTick_CLKSourceConfig                  0x08000727   Thumb Code    40  misc.o(.text)
    GPIO_DeInit                              0x08000765   Thumb Code   172  stm32f10x_gpio.o(.text)
    GPIO_AFIODeInit                          0x08000811   Thumb Code    20  stm32f10x_gpio.o(.text)
    GPIO_Init                                0x08000825   Thumb Code   278  stm32f10x_gpio.o(.text)
    GPIO_StructInit                          0x0800093b   Thumb Code    16  stm32f10x_gpio.o(.text)
    GPIO_ReadInputDataBit                    0x0800094b   Thumb Code    18  stm32f10x_gpio.o(.text)
    GPIO_ReadInputData                       0x0800095d   Thumb Code     8  stm32f10x_gpio.o(.text)
    GPIO_ReadOutputDataBit                   0x08000965   Thumb Code    18  stm32f10x_gpio.o(.text)
    GPIO_ReadOutputData                      0x08000977   Thumb Code     8  stm32f10x_gpio.o(.text)
    GPIO_SetBits                             0x0800097f   Thumb Code     4  stm32f10x_gpio.o(.text)
    GPIO_ResetBits                           0x08000983   Thumb Code     4  stm32f10x_gpio.o(.text)
    GPIO_WriteBit                            0x08000987   Thumb Code    10  stm32f10x_gpio.o(.text)
    GPIO_Write                               0x08000991   Thumb Code     4  stm32f10x_gpio.o(.text)
    GPIO_PinLockConfig                       0x08000995   Thumb Code    18  stm32f10x_gpio.o(.text)
    GPIO_EventOutputConfig                   0x080009a7   Thumb Code    26  stm32f10x_gpio.o(.text)
    GPIO_EventOutputCmd                      0x080009c1   Thumb Code     6  stm32f10x_gpio.o(.text)
    GPIO_PinRemapConfig                      0x080009c7   Thumb Code   138  stm32f10x_gpio.o(.text)
    GPIO_EXTILineConfig                      0x08000a51   Thumb Code    66  stm32f10x_gpio.o(.text)
    GPIO_ETH_MediaInterfaceConfig            0x08000a93   Thumb Code     8  stm32f10x_gpio.o(.text)
    RCC_DeInit                               0x08000ac1   Thumb Code    64  stm32f10x_rcc.o(.text)
    RCC_HSEConfig                            0x08000b01   Thumb Code    70  stm32f10x_rcc.o(.text)
    RCC_GetFlagStatus                        0x08000b47   Thumb Code    56  stm32f10x_rcc.o(.text)
    RCC_WaitForHSEStartUp                    0x08000b7f   Thumb Code    56  stm32f10x_rcc.o(.text)
    RCC_AdjustHSICalibrationValue            0x08000bb7   Thumb Code    20  stm32f10x_rcc.o(.text)
    RCC_HSICmd                               0x08000bcb   Thumb Code     6  stm32f10x_rcc.o(.text)
    RCC_PLLConfig                            0x08000bd1   Thumb Code    24  stm32f10x_rcc.o(.text)
    RCC_PLLCmd                               0x08000be9   Thumb Code     6  stm32f10x_rcc.o(.text)
    RCC_SYSCLKConfig                         0x08000bef   Thumb Code    18  stm32f10x_rcc.o(.text)
    RCC_GetSYSCLKSource                      0x08000c01   Thumb Code    10  stm32f10x_rcc.o(.text)
    RCC_HCLKConfig                           0x08000c0b   Thumb Code    18  stm32f10x_rcc.o(.text)
    RCC_PCLK1Config                          0x08000c1d   Thumb Code    18  stm32f10x_rcc.o(.text)
    RCC_PCLK2Config                          0x08000c2f   Thumb Code    20  stm32f10x_rcc.o(.text)
    RCC_ITConfig                             0x08000c43   Thumb Code    26  stm32f10x_rcc.o(.text)
    RCC_USBCLKConfig                         0x08000c5d   Thumb Code     8  stm32f10x_rcc.o(.text)
    RCC_ADCCLKConfig                         0x08000c65   Thumb Code    18  stm32f10x_rcc.o(.text)
    RCC_LSEConfig                            0x08000c77   Thumb Code    50  stm32f10x_rcc.o(.text)
    RCC_LSICmd                               0x08000ca9   Thumb Code     6  stm32f10x_rcc.o(.text)
    RCC_RTCCLKConfig                         0x08000caf   Thumb Code    12  stm32f10x_rcc.o(.text)
    RCC_RTCCLKCmd                            0x08000cbb   Thumb Code     8  stm32f10x_rcc.o(.text)
    RCC_GetClocksFreq                        0x08000cc3   Thumb Code   192  stm32f10x_rcc.o(.text)
    RCC_AHBPeriphClockCmd                    0x08000d83   Thumb Code    26  stm32f10x_rcc.o(.text)
    RCC_APB2PeriphClockCmd                   0x08000d9d   Thumb Code    26  stm32f10x_rcc.o(.text)
    RCC_APB1PeriphClockCmd                   0x08000db7   Thumb Code    26  stm32f10x_rcc.o(.text)
    RCC_APB2PeriphResetCmd                   0x08000dd1   Thumb Code    26  stm32f10x_rcc.o(.text)
    RCC_APB1PeriphResetCmd                   0x08000deb   Thumb Code    26  stm32f10x_rcc.o(.text)
    RCC_BackupResetCmd                       0x08000e05   Thumb Code     8  stm32f10x_rcc.o(.text)
    RCC_ClockSecuritySystemCmd               0x08000e0d   Thumb Code     6  stm32f10x_rcc.o(.text)
    RCC_MCOConfig                            0x08000e13   Thumb Code     6  stm32f10x_rcc.o(.text)
    RCC_ClearFlag                            0x08000e19   Thumb Code    14  stm32f10x_rcc.o(.text)
    RCC_GetITStatus                          0x08000e27   Thumb Code    20  stm32f10x_rcc.o(.text)
    RCC_ClearITPendingBit                    0x08000e3b   Thumb Code     6  stm32f10x_rcc.o(.text)
    USART_DeInit                             0x08000e65   Thumb Code   134  stm32f10x_usart.o(.text)
    USART_Init                               0x08000eeb   Thumb Code   210  stm32f10x_usart.o(.text)
    USART_StructInit                         0x08000fbd   Thumb Code    24  stm32f10x_usart.o(.text)
    USART_ClockInit                          0x08000fd5   Thumb Code    34  stm32f10x_usart.o(.text)
    USART_ClockStructInit                    0x08000ff7   Thumb Code    12  stm32f10x_usart.o(.text)
    USART_Cmd                                0x08001003   Thumb Code    24  stm32f10x_usart.o(.text)
    USART_ITConfig                           0x0800101b   Thumb Code    74  stm32f10x_usart.o(.text)
    USART_DMACmd                             0x08001065   Thumb Code    18  stm32f10x_usart.o(.text)
    USART_SetAddress                         0x08001077   Thumb Code    18  stm32f10x_usart.o(.text)
    USART_WakeUpConfig                       0x08001089   Thumb Code    18  stm32f10x_usart.o(.text)
    USART_ReceiverWakeUpCmd                  0x0800109b   Thumb Code    24  stm32f10x_usart.o(.text)
    USART_LINBreakDetectLengthConfig         0x080010b3   Thumb Code    18  stm32f10x_usart.o(.text)
    USART_LINCmd                             0x080010c5   Thumb Code    24  stm32f10x_usart.o(.text)
    USART_SendData                           0x080010dd   Thumb Code     8  stm32f10x_usart.o(.text)
    USART_ReceiveData                        0x080010e5   Thumb Code    10  stm32f10x_usart.o(.text)
    USART_SendBreak                          0x080010ef   Thumb Code    10  stm32f10x_usart.o(.text)
    USART_SetGuardTime                       0x080010f9   Thumb Code    16  stm32f10x_usart.o(.text)
    USART_SetPrescaler                       0x08001109   Thumb Code    16  stm32f10x_usart.o(.text)
    USART_SmartCardCmd                       0x08001119   Thumb Code    24  stm32f10x_usart.o(.text)
    USART_SmartCardNACKCmd                   0x08001131   Thumb Code    24  stm32f10x_usart.o(.text)
    USART_HalfDuplexCmd                      0x08001149   Thumb Code    24  stm32f10x_usart.o(.text)
    USART_OverSampling8Cmd                   0x08001161   Thumb Code    22  stm32f10x_usart.o(.text)
    USART_OneBitMethodCmd                    0x08001177   Thumb Code    24  stm32f10x_usart.o(.text)
    USART_IrDAConfig                         0x0800118f   Thumb Code    18  stm32f10x_usart.o(.text)
    USART_IrDACmd                            0x080011a1   Thumb Code    24  stm32f10x_usart.o(.text)
    USART_GetFlagStatus                      0x080011b9   Thumb Code    26  stm32f10x_usart.o(.text)
    USART_ClearFlag                          0x080011d3   Thumb Code    18  stm32f10x_usart.o(.text)
    USART_GetITStatus                        0x080011e5   Thumb Code    84  stm32f10x_usart.o(.text)
    USART_ClearITPendingBit                  0x08001239   Thumb Code    52  stm32f10x_usart.o(.text)
    SystemInit                               0x0800134b   Thumb Code    78  system_stm32f10x.o(.text)
    SystemCoreClockUpdate                    0x08001399   Thumb Code   142  system_stm32f10x.o(.text)
    ros::normalizeSecNSec(unsigned long&, unsigned long&) 0x0800144d   Thumb Code    30  time.o(.text)
    ros::Time::fromNSec(long)                0x0800146b   Thumb Code    38  time.o(.text)
    ros::Time::operator +=(const ros::Duration&) 0x08001491   Thumb Code    34  time.o(.text)
    ros::Time::operator -=(const ros::Duration&) 0x080014b3   Thumb Code    38  time.o(.text)
    realloc                                  0x080014dd   Thumb Code   184  h1_realloc.o(.text)
    __2sprintf                               0x08001595   Thumb Code    34  noretval__2sprintf.o(.text)
    __printf                                 0x080015bd   Thumb Code   104  __printf.o(.text)
    _printf_int_dec                          0x08001625   Thumb Code   104  _printf_dec.o(.text)
    strlen                                   0x0800169d   Thumb Code    62  strlen.o(.text)
    __aeabi_memcpy                           0x080016db   Thumb Code     0  rt_memcpy_v6.o(.text)
    __rt_memcpy                              0x080016db   Thumb Code   138  rt_memcpy_v6.o(.text)
    _memcpy_lastbytes                        0x08001741   Thumb Code     0  rt_memcpy_v6.o(.text)
    __aeabi_memcpy4                          0x08001765   Thumb Code     0  rt_memcpy_w.o(.text)
    __aeabi_memcpy8                          0x08001765   Thumb Code     0  rt_memcpy_w.o(.text)
    __rt_memcpy_w                            0x08001765   Thumb Code   100  rt_memcpy_w.o(.text)
    _memcpy_lastbytes_aligned                0x080017ad   Thumb Code     0  rt_memcpy_w.o(.text)
    __use_two_region_memory                  0x080017c9   Thumb Code     2  heapauxi.o(.text)
    __rt_heap_escrow                         0x080017cb   Thumb Code     2  heapauxi.o(.text)
    __rt_heap_expand                         0x080017cd   Thumb Code     2  heapauxi.o(.text)
    __cpp_initialize__aeabi_                 0x080017d1   Thumb Code    26  init_aeabi.o(.text)
    __rt_heap_descriptor                     0x080017f5   Thumb Code     8  rt_heap_descriptor_intlibspace.o(.text)
    __use_no_heap                            0x080017fd   Thumb Code     2  hguard.o(.text)
    __heap$guard                             0x080017ff   Thumb Code     2  hguard.o(.text)
    _terminate_user_alloc                    0x08001801   Thumb Code     2  init_alloc.o(.text)
    _init_user_alloc                         0x08001803   Thumb Code     2  init_alloc.o(.text)
    __Heap_Full                              0x08001805   Thumb Code    34  init_alloc.o(.text)
    __Heap_Broken                            0x08001827   Thumb Code     6  init_alloc.o(.text)
    _init_alloc                              0x0800182d   Thumb Code    94  init_alloc.o(.text)
    malloc                                   0x0800188b   Thumb Code    94  h1_alloc.o(.text)
    free                                     0x080018e9   Thumb Code    78  h1_free.o(.text)
    _printf_int_common                       0x08001937   Thumb Code   178  _printf_intcommon.o(.text)
    _printf_char_common                      0x080019f3   Thumb Code    32  _printf_char_common.o(.text)
    _sputc                                   0x08001a19   Thumb Code    10  _sputc.o(.text)
    __rt_SIGPVFN                             0x08001a23   Thumb Code    14  defsig_pvfn_outer.o(.text)
    __user_libspace                          0x08001a31   Thumb Code     8  libspace.o(.text)
    __user_perproc_libspace                  0x08001a31   Thumb Code     0  libspace.o(.text)
    __user_perthread_libspace                0x08001a31   Thumb Code     0  libspace.o(.text)
    __Heap_Initialize                        0x08001a39   Thumb Code    10  h1_init.o(.text)
    __Heap_DescSize                          0x08001a43   Thumb Code     4  h1_init.o(.text)
    __Heap_ProvideMemory                     0x08001a47   Thumb Code    52  h1_extend.o(.text)
    __sig_exit                               0x08001a7b   Thumb Code    10  defsig_exit.o(.text)
    __rt_SIGRTMEM                            0x08001a85   Thumb Code    14  defsig_rtmem_outer.o(.text)
    __rt_SIGPVFN_inner                       0x08001a95   Thumb Code    14  defsig_pvfn_inner.o(.text)
    _sys_exit                                0x08001ac5   Thumb Code     8  sys_exit.o(.text)
    __user_setup_stackheap                   0x08001ad1   Thumb Code    74  sys_stackheap_outer.o(.text)
    exit                                     0x08001b1b   Thumb Code    18  exit.o(.text)
    __default_signal_display                 0x08001b2d   Thumb Code    50  defsig_general.o(.text)
    __rt_SIGRTMEM_inner                      0x08001b61   Thumb Code    22  defsig_rtmem_inner.o(.text)
    _ttywrch                                 0x08001bb1   Thumb Code    14  sys_wrch.o(.text)
    __I$use$semihosting                      0x08001bbf   Thumb Code     0  use_no_semi.o(.text)
    __use_no_semihosting_swi                 0x08001bbf   Thumb Code     2  use_no_semi.o(.text)
    Stm32Hardware::time()                    0x08001bc1   Thumb Code    10  main.o(i._ZN13Stm32Hardware4timeEv)
    __semihosting_library_function           0x08001bc1   Thumb Code     0  indicate_semi.o(.text)
    rosserial_msgs::RequestParamResponse::deserialize(unsigned char*) 0x08001bcb   Thumb Code   324  main.o(i._ZN14rosserial_msgs20RequestParamResponse11deserializeEPh)
    rosserial_msgs::RequestParamResponse::getMD5() 0x08001d11   Thumb Code     6  main.o(i._ZN14rosserial_msgs20RequestParamResponse6getMD5Ev)
    rosserial_msgs::RequestParamResponse::getType() 0x08001d1d   Thumb Code     6  main.o(i._ZN14rosserial_msgs20RequestParamResponse7getTypeEv)
    rosserial_msgs::Log::getMD5()            0x08001d29   Thumb Code     6  main.o(i._ZN14rosserial_msgs3Log6getMD5Ev)
    rosserial_msgs::Log::getType()           0x08001d35   Thumb Code     6  main.o(i._ZN14rosserial_msgs3Log7getTypeEv)
    rosserial_msgs::TopicInfo::getMD5()      0x08001d41   Thumb Code     6  main.o(i._ZN14rosserial_msgs9TopicInfo6getMD5Ev)
    rosserial_msgs::TopicInfo::getType()     0x08001d4d   Thumb Code     6  main.o(i._ZN14rosserial_msgs9TopicInfo7getTypeEv)
    ros::Msg::Msg__sub_object()              0x08001d59   Thumb Code     6  main.o(i._ZN3ros3MsgC2Ev)
    std_msgs::Time::deserialize(unsigned char*) 0x08001d65   Thumb Code    92  main.o(i._ZN8std_msgs4Time11deserializeEPh)
    std_msgs::Time::getMD5()                 0x08001dc1   Thumb Code     6  main.o(i._ZN8std_msgs4Time6getMD5Ev)
    std_msgs::Time::getType()                0x08001dcd   Thumb Code     6  main.o(i._ZN8std_msgs4Time7getTypeEv)
    std_msgs::Time::Time()                   0x08001dd9   Thumb Code    32  main.o(i._ZN8std_msgs4TimeC1Ev)
    std_msgs::Time::Time__sub_object()       0x08001dd9   Thumb Code     0  main.o(i._ZN8std_msgs4TimeC1Ev)
    std_msgs::String::deserialize(unsigned char*) 0x08001dfd   Thumb Code    48  main.o(i._ZN8std_msgs6String11deserializeEPh)
    std_msgs::String::getMD5()               0x08001e2d   Thumb Code     6  main.o(i._ZN8std_msgs6String6getMD5Ev)
    std_msgs::String::getType()              0x08001e39   Thumb Code     6  main.o(i._ZN8std_msgs6String7getTypeEv)
    std_msgs::String::String()               0x08001e45   Thumb Code    20  main.o(i._ZN8std_msgs6StringC1Ev)
    std_msgs::String::String__sub_object()   0x08001e45   Thumb Code     0  main.o(i._ZN8std_msgs6StringC1Ev)
    rosserial_msgs::RequestParamResponse::serialize(unsigned char*) const 0x08001e5d   Thumb Code   254  main.o(i._ZNK14rosserial_msgs20RequestParamResponse9serializeEPh)
    rosserial_msgs::Log::serialize(unsigned char*) const 0x08001f5b   Thumb Code    48  main.o(i._ZNK14rosserial_msgs3Log9serializeEPh)
    rosserial_msgs::TopicInfo::serialize(unsigned char*) const 0x08001f8b   Thumb Code   146  main.o(i._ZNK14rosserial_msgs9TopicInfo9serializeEPh)
    std_msgs::Time::serialize(unsigned char*) const 0x0800201d   Thumb Code    68  main.o(i._ZNK8std_msgs4Time9serializeEPh)
    std_msgs::String::serialize(unsigned char*) const 0x08002061   Thumb Code    42  main.o(i._ZNK8std_msgs6String9serializeEPh)
    __cxa_pure_virtual                       0x0800208b   Thumb Code     6  pure_virt.o(i.__cxa_pure_virtual)
    ros::Subscriber<std_msgs::String>::getMsgType() 0x08002091   Thumb Code     8  main.o(t._ZN3ros10SubscriberIN8std_msgs6StringEE10getMsgTypeEv)
    ros::Subscriber<std_msgs::String>::getEndpointType() 0x0800209d   Thumb Code     6  main.o(t._ZN3ros10SubscriberIN8std_msgs6StringEE15getEndpointTypeEv)
    ros::Subscriber<std_msgs::String>::callback(unsigned char*) 0x080020a3   Thumb Code    26  main.o(t._ZN3ros10SubscriberIN8std_msgs6StringEE8callbackEPh)
    ros::Subscriber<std_msgs::String>::getMsgMD5() 0x080020bd   Thumb Code     8  main.o(t._ZN3ros10SubscriberIN8std_msgs6StringEE9getMsgMD5Ev)
    ros::NodeHandle_<Stm32Hardware, (int)25, (int)25, (int)512, (int)512>::negotiateTopics() 0x080020c9   Thumb Code   288  main.o(t._ZN3ros11NodeHandle_I13Stm32HardwareLi25ELi25ELi512ELi512EE15negotiateTopicsEv)
    ros::NodeHandle_<Stm32Hardware, (int)25, (int)25, (int)512, (int)512>::requestSyncTime() 0x080021ed   Thumb Code    32  main.o(t._ZN3ros11NodeHandle_I13Stm32HardwareLi25ELi25ELi512ELi512EE15requestSyncTimeEv)
    ros::NodeHandle_<Stm32Hardware, (int)25, (int)25, (int)512, (int)512>::publish(int, const ros::Msg*) 0x0800220d   Thumb Code   270  main.o(t._ZN3ros11NodeHandle_I13Stm32HardwareLi25ELi25ELi512ELi512EE7publishEiPKNS_3MsgE)
    ros::NodeHandle_<Stm32Hardware, (int)25, (int)25, (int)512, (int)512>::spinOnce() 0x08002325   Thumb Code   638  main.o(t._ZN3ros11NodeHandle_I13Stm32HardwareLi25ELi25ELi512ELi512EE8spinOnceEv)
    ros::NodeHandle_<Stm32Hardware, (int)25, (int)25, (int)512, (int)512>::syncTime(unsigned char*) 0x080025a5   Thumb Code   154  main.o(t._ZN3ros11NodeHandle_I13Stm32HardwareLi25ELi25ELi512ELi512EE8syncTimeEPh)
    ros::NodeHandle_<Stm32Hardware, (int)25, (int)25, (int)512, (int)512>::NodeHandle_() 0x08002645   Thumb Code   162  main.o(t._ZN3ros11NodeHandle_I13Stm32HardwareLi25ELi25ELi512ELi512EEC1Ev)
    ros::NodeHandle_<Stm32Hardware, (int)25, (int)25, (int)512, (int)512>::NodeHandle___sub_object() 0x08002645   Thumb Code     0  main.o(t._ZN3ros11NodeHandle_I13Stm32HardwareLi25ELi25ELi512ELi512EEC1Ev)
    vtable for rosserial_msgs::RequestParamResponse 0x08002710   Data          24  main.o(.constdata__ZTVN14rosserial_msgs20RequestParamResponseE)
    vtable for rosserial_msgs::Log           0x08002728   Data          24  main.o(.constdata__ZTVN14rosserial_msgs3LogE)
    vtable for rosserial_msgs::TopicInfo     0x08002740   Data          24  main.o(.constdata__ZTVN14rosserial_msgs9TopicInfoE)
    vtable for ros::Subscriber<std_msgs::String> 0x08002758   Data          24  main.o(.constdata__ZTVN3ros10SubscriberIN8std_msgs6StringEEE)
    vtable for ros::NodeHandle_<Stm32Hardware, (int)25, (int)25, (int)512, (int)512> 0x08002770   Data          20  main.o(.constdata__ZTVN3ros11NodeHandle_I13Stm32HardwareLi25ELi25ELi512ELi512EEE)
    vtable for ros::Subscriber_              0x08002784   Data          24  main.o(.constdata__ZTVN3ros11Subscriber_E)
    vtable for ros::NodeHandleBase_          0x0800279c   Data          20  main.o(.constdata__ZTVN3ros15NodeHandleBase_E)
    vtable for ros::Msg                      0x080027b0   Data          24  main.o(.constdata__ZTVN3ros3MsgE)
    vtable for std_msgs::Time                0x080027c8   Data          24  main.o(.constdata__ZTVN8std_msgs4TimeE)
    vtable for std_msgs::String              0x080027e0   Data          24  main.o(.constdata__ZTVN8std_msgs6StringE)
    rosserial_msgs::RequestParamResponse::getMD5()::string 0x080027f8   Data          33  main.o(.constdata__ZZN14rosserial_msgs20RequestParamResponse6getMD5EvEs)
    rosserial_msgs::Log::getMD5()::string    0x08002819   Data          33  main.o(.constdata__ZZN14rosserial_msgs3Log6getMD5EvEs)
    rosserial_msgs::Log::getType()::string   0x0800283a   Data          19  main.o(.constdata__ZZN14rosserial_msgs3Log7getTypeEvEs)
    rosserial_msgs::TopicInfo::getMD5()::string 0x0800284d   Data          33  main.o(.constdata__ZZN14rosserial_msgs9TopicInfo6getMD5EvEs)
    rosserial_msgs::TopicInfo::getType()::string 0x0800286e   Data          25  main.o(.constdata__ZZN14rosserial_msgs9TopicInfo7getTypeEvEs)
    ros::NodeHandle_<Stm32Hardware, (int)25, (int)25, (int)512, (int)512>::publish(int, const ros::Msg*)::string 0x08002887   Data          57  main.o(.constdata__ZZN3ros11NodeHandle_I13Stm32HardwareLi25ELi25ELi512ELi512EE7publishEiPKNS_3MsgEEs)
    std_msgs::Time::getMD5()::string         0x080028c0   Data          33  main.o(.constdata__ZZN8std_msgs4Time6getMD5EvEs)
    std_msgs::Time::getType()::string        0x080028e1   Data          14  main.o(.constdata__ZZN8std_msgs4Time7getTypeEvEs)
    std_msgs::String::getMD5()::string       0x080028ef   Data          33  main.o(.constdata__ZZN8std_msgs6String6getMD5EvEs)
    std_msgs::String::getType()::string      0x08002910   Data          16  main.o(.constdata__ZZN8std_msgs6String7getTypeEvEs)
    Region$$Table$$Base                      0x08002920   Number         0  anon$$obj.o(Region$$Table)
    Region$$Table$$Limit                     0x08002940   Number         0  anon$$obj.o(Region$$Table)
    SHT$$INIT_ARRAY$$Base                    0x08002940   Number         0  main.o(.init_array)
    SHT$$INIT_ARRAY$$Limit                   0x08002944   Number         0  init_aeabi.o(.init_array)
    msg1                                     0x20000000   Data           8  main.o(.data)
    i                                        0x20000008   Data           4  main.o(.data)
    runtime                                  0x2000000c   Data           4  system.o(.data)
    RX_Head                                  0x20000010   Data           2  usart3.o(.data)
    RX_Tail                                  0x20000012   Data           2  usart3.o(.data)
    TX_Head                                  0x20000014   Data           2  usart3.o(.data)
    TX_Tail                                  0x20000016   Data           2  usart3.o(.data)
    SystemCoreClock                          0x2000002c   Data           4  system_stm32f10x.o(.data)
    AHBPrescTable                            0x20000030   Data          16  system_stm32f10x.o(.data)
    nh                                       0x20000040   Data        1324  main.o(.bss)
    sub                                      0x2000056c   Data          28  main.o(.bss)
    pub                                      0x20000588   Data          20  main.o(.bss)
    RX                                       0x2000059c   Data         512  usart3.o(.bss)
    TX                                       0x2000079c   Data         512  usart3.o(.bss)
    __libspace_start                         0x2000099c   Data          96  libspace.o(.bss)
    __temporary_stack_top$libspace           0x200009fc   Data           0  libspace.o(.bss)



==============================================================================

Memory Map of the image

  Image Entry point : 0x080000ed

  Load Region LR_IROM1 (Base: 0x08000000, Size: 0x00002984, Max: 0x00010000, ABSOLUTE)

    Execution Region ER_IROM1 (Base: 0x08000000, Size: 0x00002944, Max: 0x00010000, ABSOLUTE)

    Base Addr    Size         Type   Attr      Idx    E Section Name        Object

    0x08000000   0x000000ec   Data   RO            3    RESET               startup_stm32f10x_md.o
    0x080000ec   0x00000008   Code   RO         1195  * !!!main             c_w.l(__main.o)
    0x080000f4   0x00000034   Code   RO         1621    !!!scatter          c_w.l(__scatter.o)
    0x08000128   0x0000001a   Code   RO         1623    !!handler_copy      c_w.l(__scatter_copy.o)
    0x08000142   0x00000002   PAD
    0x08000144   0x0000001c   Code   RO         1625    !!handler_zi        c_w.l(__scatter_zi.o)
    0x08000160   0x00000000   Code   RO         1186    .ARM.Collect$$_printf_percent$$00000000  c_w.l(_printf_percent.o)
    0x08000160   0x00000006   Code   RO         1185    .ARM.Collect$$_printf_percent$$00000009  c_w.l(_printf_d.o)
    0x08000166   0x00000004   Code   RO         1388    .ARM.Collect$$_printf_percent$$00000017  c_w.l(_printf_percent_end.o)
    0x0800016a   0x00000002   Code   RO         1558    .ARM.Collect$$libinit$$00000000  c_w.l(libinit.o)
    0x0800016c   0x00000000   Code   RO         1394    .ARM.Collect$$libinit$$00000002  c_w.l(libinit2.o)
    0x0800016c   0x00000000   Code   RO         1396    .ARM.Collect$$libinit$$00000004  c_w.l(libinit2.o)
    0x0800016c   0x00000008   Code   RO         1397    .ARM.Collect$$libinit$$00000005  c_w.l(libinit2.o)
    0x08000174   0x00000000   Code   RO         1399    .ARM.Collect$$libinit$$0000000A  c_w.l(libinit2.o)
    0x08000174   0x00000000   Code   RO         1401    .ARM.Collect$$libinit$$0000000C  c_w.l(libinit2.o)
    0x08000174   0x00000000   Code   RO         1403    .ARM.Collect$$libinit$$0000000E  c_w.l(libinit2.o)
    0x08000174   0x00000000   Code   RO         1406    .ARM.Collect$$libinit$$00000011  c_w.l(libinit2.o)
    0x08000174   0x00000000   Code   RO         1408    .ARM.Collect$$libinit$$00000013  c_w.l(libinit2.o)
    0x08000174   0x00000000   Code   RO         1410    .ARM.Collect$$libinit$$00000015  c_w.l(libinit2.o)
    0x08000174   0x00000000   Code   RO         1412    .ARM.Collect$$libinit$$00000017  c_w.l(libinit2.o)
    0x08000174   0x00000000   Code   RO         1414    .ARM.Collect$$libinit$$00000019  c_w.l(libinit2.o)
    0x08000174   0x00000000   Code   RO         1416    .ARM.Collect$$libinit$$0000001B  c_w.l(libinit2.o)
    0x08000174   0x00000000   Code   RO         1418    .ARM.Collect$$libinit$$0000001D  c_w.l(libinit2.o)
    0x08000174   0x00000000   Code   RO         1420    .ARM.Collect$$libinit$$0000001F  c_w.l(libinit2.o)
    0x08000174   0x00000000   Code   RO         1422    .ARM.Collect$$libinit$$00000021  c_w.l(libinit2.o)
    0x08000174   0x00000000   Code   RO         1424    .ARM.Collect$$libinit$$00000023  c_w.l(libinit2.o)
    0x08000174   0x00000000   Code   RO         1426    .ARM.Collect$$libinit$$00000025  c_w.l(libinit2.o)
    0x08000174   0x00000000   Code   RO         1430    .ARM.Collect$$libinit$$0000002C  c_w.l(libinit2.o)
    0x08000174   0x00000000   Code   RO         1432    .ARM.Collect$$libinit$$0000002E  c_w.l(libinit2.o)
    0x08000174   0x00000000   Code   RO         1434    .ARM.Collect$$libinit$$00000030  c_w.l(libinit2.o)
    0x08000174   0x00000004   Code   RO         1435    .ARM.Collect$$libinit$$00000031  c_w.l(libinit2.o)
    0x08000178   0x00000000   Code   RO         1436    .ARM.Collect$$libinit$$00000032  c_w.l(libinit2.o)
    0x08000178   0x00000002   Code   RO         1437    .ARM.Collect$$libinit$$00000033  c_w.l(libinit2.o)
    0x0800017a   0x00000002   Code   RO         1618    .ARM.Collect$$libshutdown$$00000000  c_w.l(libshutdown.o)
    0x0800017c   0x00000000   Code   RO         1580    .ARM.Collect$$libshutdown$$00000002  c_w.l(libshutdown2.o)
    0x0800017c   0x00000000   Code   RO         1582    .ARM.Collect$$libshutdown$$00000004  c_w.l(libshutdown2.o)
    0x0800017c   0x00000000   Code   RO         1585    .ARM.Collect$$libshutdown$$00000007  c_w.l(libshutdown2.o)
    0x0800017c   0x00000000   Code   RO         1588    .ARM.Collect$$libshutdown$$0000000A  c_w.l(libshutdown2.o)
    0x0800017c   0x00000000   Code   RO         1590    .ARM.Collect$$libshutdown$$0000000C  c_w.l(libshutdown2.o)
    0x0800017c   0x00000000   Code   RO         1593    .ARM.Collect$$libshutdown$$0000000F  c_w.l(libshutdown2.o)
    0x0800017c   0x00000002   Code   RO         1594    .ARM.Collect$$libshutdown$$00000010  c_w.l(libshutdown2.o)
    0x0800017e   0x00000000   Code   RO         1348    .ARM.Collect$$rtentry$$00000000  c_w.l(__rtentry.o)
    0x0800017e   0x00000000   Code   RO         1466    .ARM.Collect$$rtentry$$00000002  c_w.l(__rtentry2.o)
    0x0800017e   0x00000006   Code   RO         1478    .ARM.Collect$$rtentry$$00000004  c_w.l(__rtentry4.o)
    0x08000184   0x00000000   Code   RO         1468    .ARM.Collect$$rtentry$$00000009  c_w.l(__rtentry2.o)
    0x08000184   0x00000004   Code   RO         1469    .ARM.Collect$$rtentry$$0000000A  c_w.l(__rtentry2.o)
    0x08000188   0x00000000   Code   RO         1471    .ARM.Collect$$rtentry$$0000000C  c_w.l(__rtentry2.o)
    0x08000188   0x00000008   Code   RO         1472    .ARM.Collect$$rtentry$$0000000D  c_w.l(__rtentry2.o)
    0x08000190   0x00000002   Code   RO         1567    .ARM.Collect$$rtexit$$00000000  c_w.l(rtexit.o)
    0x08000192   0x00000000   Code   RO         1596    .ARM.Collect$$rtexit$$00000002  c_w.l(rtexit2.o)
    0x08000192   0x00000004   Code   RO         1597    .ARM.Collect$$rtexit$$00000003  c_w.l(rtexit2.o)
    0x08000196   0x00000006   Code   RO         1598    .ARM.Collect$$rtexit$$00000004  c_w.l(rtexit2.o)
    0x0800019c   0x00000000   Code   RO         1482    .emb_text           c_w.l(maybetermalloc1.o)
    0x0800019c   0x00000040   Code   RO            4    .text               startup_stm32f10x_md.o
    0x080001dc   0x00000174   Code   RO           11    .text               main.o
    0x08000350   0x000000d8   Code   RO          436    .text               system.o
    0x08000428   0x00000018   Code   RO          463    .text               stm32f10x_it.o
    0x08000440   0x00000248   Code   RO          483    .text               usart3.o
    0x08000688   0x000000dc   Code   RO          549    .text               misc.o
    0x08000764   0x0000035c   Code   RO          783    .text               stm32f10x_gpio.o
    0x08000ac0   0x000003a4   Code   RO          860    .text               stm32f10x_rcc.o
    0x08000e64   0x00000408   Code   RO          959    .text               stm32f10x_usart.o
    0x0800126c   0x000001e0   Code   RO          996    .text               system_stm32f10x.o
    0x0800144c   0x00000090   Code   RO         1046    .text               time.o
    0x080014dc   0x000000b8   Code   RO         1103    .text               c_w.l(h1_realloc.o)
    0x08001594   0x00000028   Code   RO         1159    .text               c_w.l(noretval__2sprintf.o)
    0x080015bc   0x00000068   Code   RO         1161    .text               c_w.l(__printf.o)
    0x08001624   0x00000078   Code   RO         1163    .text               c_w.l(_printf_dec.o)
    0x0800169c   0x0000003e   Code   RO         1187    .text               c_w.l(strlen.o)
    0x080016da   0x0000008a   Code   RO         1189    .text               c_w.l(rt_memcpy_v6.o)
    0x08001764   0x00000064   Code   RO         1191    .text               c_w.l(rt_memcpy_w.o)
    0x080017c8   0x00000006   Code   RO         1193    .text               c_w.l(heapauxi.o)
    0x080017ce   0x00000002   PAD
    0x080017d0   0x00000024   Code   RO         1200    .text               c_w.l(init_aeabi.o)
    0x080017f4   0x00000008   Code   RO         1352    .text               c_w.l(rt_heap_descriptor_intlibspace.o)
    0x080017fc   0x00000004   Code   RO         1354    .text               c_w.l(hguard.o)
    0x08001800   0x0000008a   Code   RO         1356    .text               c_w.l(init_alloc.o)
    0x0800188a   0x0000005e   Code   RO         1364    .text               c_w.l(h1_alloc.o)
    0x080018e8   0x0000004e   Code   RO         1366    .text               c_w.l(h1_free.o)
    0x08001936   0x000000b2   Code   RO         1382    .text               c_w.l(_printf_intcommon.o)
    0x080019e8   0x00000030   Code   RO         1384    .text               c_w.l(_printf_char_common.o)
    0x08001a18   0x0000000a   Code   RO         1386    .text               c_w.l(_sputc.o)
    0x08001a22   0x0000000e   Code   RO         1389    .text               c_w.l(defsig_pvfn_outer.o)
    0x08001a30   0x00000008   Code   RO         1462    .text               c_w.l(libspace.o)
    0x08001a38   0x0000000e   Code   RO         1484    .text               c_w.l(h1_init.o)
    0x08001a46   0x00000034   Code   RO         1486    .text               c_w.l(h1_extend.o)
    0x08001a7a   0x0000000a   Code   RO         1494    .text               c_w.l(defsig_exit.o)
    0x08001a84   0x0000000e   Code   RO         1496    .text               c_w.l(defsig_rtmem_outer.o)
    0x08001a92   0x00000002   PAD
    0x08001a94   0x00000030   Code   RO         1500    .text               c_w.l(defsig_pvfn_inner.o)
    0x08001ac4   0x0000000c   Code   RO         1526    .text               c_w.l(sys_exit.o)
    0x08001ad0   0x0000004a   Code   RO         1528    .text               c_w.l(sys_stackheap_outer.o)
    0x08001b1a   0x00000012   Code   RO         1539    .text               c_w.l(exit.o)
    0x08001b2c   0x00000032   Code   RO         1545    .text               c_w.l(defsig_general.o)
    0x08001b5e   0x00000002   PAD
    0x08001b60   0x00000050   Code   RO         1547    .text               c_w.l(defsig_rtmem_inner.o)
    0x08001bb0   0x0000000e   Code   RO         1562    .text               c_w.l(sys_wrch.o)
    0x08001bbe   0x00000002   Code   RO         1564    .text               c_w.l(use_no_semi.o)
    0x08001bc0   0x00000000   Code   RO         1566    .text               c_w.l(indicate_semi.o)
    0x08001bc0   0x0000000a   Code   RO           89    i._ZN13Stm32Hardware4timeEv  main.o
    0x08001bca   0x00000144   Code   RO           51    i._ZN14rosserial_msgs20RequestParamResponse11deserializeEPh  main.o
    0x08001d0e   0x00000002   PAD
    0x08001d10   0x0000000c   Code   RO          252    i._ZN14rosserial_msgs20RequestParamResponse6getMD5Ev  main.o
    0x08001d1c   0x0000000c   Code   RO          246    i._ZN14rosserial_msgs20RequestParamResponse7getTypeEv  main.o
    0x08001d28   0x0000000c   Code   RO          280    i._ZN14rosserial_msgs3Log6getMD5Ev  main.o
    0x08001d34   0x0000000c   Code   RO          274    i._ZN14rosserial_msgs3Log7getTypeEv  main.o
    0x08001d40   0x0000000c   Code   RO          234    i._ZN14rosserial_msgs9TopicInfo6getMD5Ev  main.o
    0x08001d4c   0x0000000c   Code   RO          228    i._ZN14rosserial_msgs9TopicInfo7getTypeEv  main.o
    0x08001d58   0x0000000c   Code   RO           95    i._ZN3ros3MsgC2Ev   main.o
    0x08001d64   0x0000005c   Code   RO           57    i._ZN8std_msgs4Time11deserializeEPh  main.o
    0x08001dc0   0x0000000c   Code   RO          204    i._ZN8std_msgs4Time6getMD5Ev  main.o
    0x08001dcc   0x0000000c   Code   RO          198    i._ZN8std_msgs4Time7getTypeEv  main.o
    0x08001dd8   0x00000024   Code   RO           41    i._ZN8std_msgs4TimeC1Ev  main.o
    0x08001dfc   0x00000030   Code   RO           83    i._ZN8std_msgs6String11deserializeEPh  main.o
    0x08001e2c   0x0000000c   Code   RO          174    i._ZN8std_msgs6String6getMD5Ev  main.o
    0x08001e38   0x0000000c   Code   RO          162    i._ZN8std_msgs6String7getTypeEv  main.o
    0x08001e44   0x00000018   Code   RO          104    i._ZN8std_msgs6StringC1Ev  main.o
    0x08001e5c   0x000000fe   Code   RO          240    i._ZNK14rosserial_msgs20RequestParamResponse9serializeEPh  main.o
    0x08001f5a   0x00000030   Code   RO          262    i._ZNK14rosserial_msgs3Log9serializeEPh  main.o
    0x08001f8a   0x00000092   Code   RO          216    i._ZNK14rosserial_msgs9TopicInfo9serializeEPh  main.o
    0x0800201c   0x00000044   Code   RO          192    i._ZNK8std_msgs4Time9serializeEPh  main.o
    0x08002060   0x0000002a   Code   RO          210    i._ZNK8std_msgs6String9serializeEPh  main.o
    0x0800208a   0x00000006   Code   RO         1203    i.__cxa_pure_virtual  cpprt_w.l(pure_virt.o)
    0x08002090   0x0000000c   Code   RO          168    t._ZN3ros10SubscriberIN8std_msgs6StringEE10getMsgTypeEv  main.o
    0x0800209c   0x00000006   Code   RO          186    t._ZN3ros10SubscriberIN8std_msgs6StringEE15getEndpointTypeEv  main.o
    0x080020a2   0x0000001a   Code   RO          156    t._ZN3ros10SubscriberIN8std_msgs6StringEE8callbackEPh  main.o
    0x080020bc   0x0000000c   Code   RO          180    t._ZN3ros10SubscriberIN8std_msgs6StringEE9getMsgMD5Ev  main.o
    0x080020c8   0x00000124   Code   RO           63    t._ZN3ros11NodeHandle_I13Stm32HardwareLi25ELi25ELi512ELi512EE15negotiateTopicsEv  main.o
    0x080021ec   0x00000020   Code   RO           44    t._ZN3ros11NodeHandle_I13Stm32HardwareLi25ELi25ELi512ELi512EE15requestSyncTimeEv  main.o
    0x0800220c   0x00000118   Code   RO          149    t._ZN3ros11NodeHandle_I13Stm32HardwareLi25ELi25ELi512ELi512EE7publishEiPKNS_3MsgE  main.o
    0x08002324   0x0000027e   Code   RO           70    t._ZN3ros11NodeHandle_I13Stm32HardwareLi25ELi25ELi512ELi512EE8spinOnceEv  main.o
    0x080025a2   0x00000002   PAD
    0x080025a4   0x000000a0   Code   RO           98    t._ZN3ros11NodeHandle_I13Stm32HardwareLi25ELi25ELi512ELi512EE8syncTimeEPh  main.o
    0x08002644   0x000000b0   Code   RO           77    t._ZN3ros11NodeHandle_I13Stm32HardwareLi25ELi25ELi512ELi512EEC1Ev  main.o
    0x080026f4   0x0000001c   Data   RO           14    .constdata          main.o
    0x08002710   0x00000018   Data   RO          114    .constdata__ZTVN14rosserial_msgs20RequestParamResponseE  main.o
    0x08002728   0x00000018   Data   RO          259    .constdata__ZTVN14rosserial_msgs3LogE  main.o
    0x08002740   0x00000018   Data   RO          112    .constdata__ZTVN14rosserial_msgs9TopicInfoE  main.o
    0x08002758   0x00000018   Data   RO          124    .constdata__ZTVN3ros10SubscriberIN8std_msgs6StringEEE  main.o
    0x08002770   0x00000014   Data   RO          122    .constdata__ZTVN3ros11NodeHandle_I13Stm32HardwareLi25ELi25ELi512ELi512EEE  main.o
    0x08002784   0x00000018   Data   RO          118    .constdata__ZTVN3ros11Subscriber_E  main.o
    0x0800279c   0x00000014   Data   RO          116    .constdata__ZTVN3ros15NodeHandleBase_E  main.o
    0x080027b0   0x00000018   Data   RO          108    .constdata__ZTVN3ros3MsgE  main.o
    0x080027c8   0x00000018   Data   RO          110    .constdata__ZTVN8std_msgs4TimeE  main.o
    0x080027e0   0x00000018   Data   RO          120    .constdata__ZTVN8std_msgs6StringE  main.o
    0x080027f8   0x00000021   Data   RO           37    .constdata__ZZN14rosserial_msgs20RequestParamResponse6getMD5EvEs  main.o
    0x08002819   0x00000021   Data   RO           36    .constdata__ZZN14rosserial_msgs3Log6getMD5EvEs  main.o
    0x0800283a   0x00000013   Data   RO           35    .constdata__ZZN14rosserial_msgs3Log7getTypeEvEs  main.o
    0x0800284d   0x00000021   Data   RO           34    .constdata__ZZN14rosserial_msgs9TopicInfo6getMD5EvEs  main.o
    0x0800286e   0x00000019   Data   RO           33    .constdata__ZZN14rosserial_msgs9TopicInfo7getTypeEvEs  main.o
    0x08002887   0x00000039   Data   RO           40    .constdata__ZZN3ros11NodeHandle_I13Stm32HardwareLi25ELi25ELi512ELi512EE7publishEiPKNS_3MsgEEs  main.o
    0x080028c0   0x00000021   Data   RO           32    .constdata__ZZN8std_msgs4Time6getMD5EvEs  main.o
    0x080028e1   0x0000000e   Data   RO           31    .constdata__ZZN8std_msgs4Time7getTypeEvEs  main.o
    0x080028ef   0x00000021   Data   RO           39    .constdata__ZZN8std_msgs6String6getMD5EvEs  main.o
    0x08002910   0x00000010   Data   RO           38    .constdata__ZZN8std_msgs6String7getTypeEvEs  main.o
    0x08002920   0x00000020   Data   RO         1619    Region$$Table       anon$$obj.o
    0x08002940   0x00000004   Data   RO           16    .init_array         main.o
    0x08002944   0x00000000   Data   RO         1198    .init_array         c_w.l(init_aeabi.o)


    Execution Region RW_IRAM1 (Base: 0x20000000, Size: 0x00001000, Max: 0x00005000, ABSOLUTE)

    Base Addr    Size         Type   Attr      Idx    E Section Name        Object

    0x20000000   0x0000000c   Data   RW           15    .data               main.o
    0x2000000c   0x00000004   Data   RW          438    .data               system.o
    0x20000010   0x00000008   Data   RW          486    .data               usart3.o
    0x20000018   0x00000014   Data   RW          862    .data               stm32f10x_rcc.o
    0x2000002c   0x00000014   Data   RW          998    .data               system_stm32f10x.o
    0x20000040   0x0000055c   Zero   RW           13    .bss                main.o
    0x2000059c   0x00000400   Zero   RW          485    .bss                usart3.o
    0x2000099c   0x00000060   Zero   RW         1463    .bss                c_w.l(libspace.o)
    0x200009fc   0x00000004   PAD
    0x20000a00   0x00000200   Zero   RW            2    HEAP                startup_stm32f10x_md.o
    0x20000c00   0x00000400   Zero   RW            1    STACK               startup_stm32f10x_md.o


==============================================================================

Image component sizes


      Code (inc. data)   RO Data    RW Data    ZI Data      Debug   Object Name

      3230        192        560         12       1372     264675   main.o
       220         22          0          0          0       1665   misc.o
        64         26        236          0       1536        776   startup_stm32f10x_md.o
       860         38          0          0          0       5617   stm32f10x_gpio.o
        24          0          0          0          0       1054   stm32f10x_it.o
       932         36          0         20          0       8740   stm32f10x_rcc.o
      1032         22          0          0          0       8372   stm32f10x_usart.o
       216         18          0          4          0      15631   system.o
       480         38          0         20          0       1647   system_stm32f10x.o
       144          4          0          0          0       2724   time.o
       584         32          0          8       1024       3616   usart3.o

    ----------------------------------------------------------------------
      7790        428        828         64       3932     314517   Object Totals
         0          0         32          0          0          0   (incl. Generated)
         4          0          0          0          0          0   (incl. Padding)

    ----------------------------------------------------------------------

      Code (inc. data)   RO Data    RW Data    ZI Data      Debug   Library Member Name

         8          0          0          0          0         68   __main.o
       104          0          0          0          0         84   __printf.o
         0          0          0          0          0          0   __rtentry.o
        12          0          0          0          0          0   __rtentry2.o
         6          0          0          0          0          0   __rtentry4.o
        52          8          0          0          0          0   __scatter.o
        26          0          0          0          0          0   __scatter_copy.o
        28          0          0          0          0          0   __scatter_zi.o
        48          6          0          0          0         96   _printf_char_common.o
         6          0          0          0          0          0   _printf_d.o
       120         16          0          0          0         92   _printf_dec.o
       178          0          0          0          0         88   _printf_intcommon.o
         0          0          0          0          0          0   _printf_percent.o
         4          0          0          0          0          0   _printf_percent_end.o
        10          0          0          0          0         68   _sputc.o
        10          0          0          0          0         68   defsig_exit.o
        50          0          0          0          0         88   defsig_general.o
        48         34          0          0          0         76   defsig_pvfn_inner.o
        14          0          0          0          0         80   defsig_pvfn_outer.o
        80         58          0          0          0         76   defsig_rtmem_inner.o
        14          0          0          0          0         80   defsig_rtmem_outer.o
        18          0          0          0          0         80   exit.o
        94          0          0          0          0         80   h1_alloc.o
        52          0          0          0          0         68   h1_extend.o
        78          0          0          0          0         80   h1_free.o
        14          0          0          0          0         84   h1_init.o
       184          0          0          0          0         92   h1_realloc.o
         6          0          0          0          0        152   heapauxi.o
         4          0          0          0          0        136   hguard.o
         0          0          0          0          0          0   indicate_semi.o
        36         10          0          0          0         80   init_aeabi.o
       138          0          0          0          0        168   init_alloc.o
         2          0          0          0          0          0   libinit.o
        14          0          0          0          0          0   libinit2.o
         2          0          0          0          0          0   libshutdown.o
         2          0          0          0          0          0   libshutdown2.o
         8          4          0          0         96         68   libspace.o
         0          0          0          0          0          0   maybetermalloc1.o
        40          6          0          0          0         84   noretval__2sprintf.o
         8          4          0          0          0         68   rt_heap_descriptor_intlibspace.o
       138          0          0          0          0         68   rt_memcpy_v6.o
       100          0          0          0          0         80   rt_memcpy_w.o
         2          0          0          0          0          0   rtexit.o
        10          0          0          0          0          0   rtexit2.o
        62          0          0          0          0         76   strlen.o
        12          4          0          0          0         68   sys_exit.o
        74          0          0          0          0         80   sys_stackheap_outer.o
        14          0          0          0          0         76   sys_wrch.o
         2          0          0          0          0         68   use_no_semi.o
         6          0          0          0          0         68   pure_virt.o

    ----------------------------------------------------------------------
      1946        150          0          0        100       2788   Library Totals
         8          0          0          0          4          0   (incl. Padding)

    ----------------------------------------------------------------------

      Code (inc. data)   RO Data    RW Data    ZI Data      Debug   Library Name

      1932        150          0          0         96       2720   c_w.l
         6          0          0          0          0         68   cpprt_w.l

    ----------------------------------------------------------------------
      1946        150          0          0        100       2788   Library Totals

    ----------------------------------------------------------------------

==============================================================================


      Code (inc. data)   RO Data    RW Data    ZI Data      Debug   

      9736        578        828         64       4032     313193   Grand Totals
      9736        578        828         64       4032     313193   ELF Image Totals
      9736        578        828         64          0          0   ROM Totals

==============================================================================

    Total RO  Size (Code + RO Data)                10564 (  10.32kB)
    Total RW  Size (RW Data + ZI Data)              4096 (   4.00kB)
    Total ROM Size (Code + RO Data + RW Data)      10628 (  10.38kB)

==============================================================================

